
> 地域特化SNS「こじゃんとやまっぷ」@0.1.0 test
> vitest --run


[1m[46m RUN [49m[22m [36mv4.0.18 [39m[90mC:/Users/ukima/Documents/sofukou/kojan-map/frontend[39m

[90mstdout[2m | src/__tests__/UserBlockViewScreen.test.tsx[2m > [22m[2mUserBlockViewScreen[2m > [22m[2m初期レンダリング時にローディングが表示され、APIが呼ばれること
[22m[39m{ blocks: [] }

node.exe : [90mstder
r[2m | src/__tests__
/SelectBlock.test.tsx
[2m > [22m[2mSelec
tBlock[2m > [22m[2
mブロックボタンをクリックした際、確認ダイ
アログが表示されること
発生場所 行:1 文字:1
+ & "C:\Program Files
\nodejs/node.exe" "C:
\Program Files\nodejs
/node_mo ...
+ ~~~~~~~~~~~~~~~~~~~
~~~~~~~~~~~~~~~~~~~~~
~~~~~~~~~~~~~~~~~~~~~
~~~~~~~~
    + CategoryInfo   
           : NotSpe  
  cified: ([90mst   
 derr[2m...確認ダイア    
ログが表示されること:Strin    g
) [], RemoteExc    ep
tion
    + FullyQualified 
   ErrorId : Native  
  CommandError
 
[22m[39mBlock error
: TypeError: Cannot r
ead properties of und
efined (reading 'ok')
    at handleBlock (C
:/Users/ukima/Documen
ts/sofukou/kojan-map/
frontend/src/componen
ts/SelectBlock.tsx:49
:21)
[90m    at processTi
cksAndRejections (nod
e:internal/process/ta
sk_queues:105:5)[39m
Warning: An update to
 SelectBlock inside a
 test was not wrapped
 in act(...).

When testing, code th
at causes React state
 updates should be wr
apped into act(...):

act(() => {
  /* fire events that
 update state */
});
/* assert on the outp
ut */

This ensures that you
're testing the behav
ior the user would se
e in the browser. Lea
rn more at https://re
actjs.org/link/wrap-t
ests-with-act
    at SelectBlock (C
:/Users/ukima/Documen
ts/sofukou/kojan-map/
frontend/src/componen
ts/SelectBlock.tsx:9:
24)

[90mstderr[2m | src
/__tests__/SelectPost
Deletion.test.tsx[2m
 > [22m[2mSelectPos
tDeletion[2m > [22m
[2m削除ボタンをクリックした際、確認ダ
イアログが表示されること
[22m[39mDelete erro
r: TypeError: Cannot 
read properties of un
defined (reading 'ok'
)
    at handleDelete (
C:/Users/ukima/Docume
nts/sofukou/kojan-map
/frontend/src/compone
nts/SelectPostDeletio
n.tsx:49:21)
[90m    at processTi
cksAndRejections (nod
e:internal/process/ta
sk_queues:105:5)[39m
Warning: An update to
 SelectPostDeletion i
nside a test was not 
wrapped in act(...).

When testing, code th
at causes React state
 updates should be wr
apped into act(...):

act(() => {
  /* fire events that
 update state */
});
/* assert on the outp
ut */

This ensures that you
're testing the behav
ior the user would se
e in the browser. Lea
rn more at https://re
actjs.org/link/wrap-t
ests-with-act
    at SelectPostDele
tion (C:/Users/ukima/
Documents/sofukou/koj
an-map/frontend/src/c
omponents/SelectPostD
eletion.tsx:9:31)

[90mstderr[2m | src
/__tests__/SelectBloc
k.test.tsx[2m > [22
m[2mSelectBlock[2m 
> [22m[2mAPIエラー時にトー
スト通知が表示されること
[22m[39mBlock error
: Error: ブロック処理に失敗しまし
た
    at handleBlock (C
:/Users/ukima/Documen
ts/sofukou/kojan-map/
frontend/src/componen
ts/SelectBlock.tsx:50
:15)

[90mstdout[2m | src/__tests__/SelectPostDeletion.test.tsx[2m > [22m[2mSelectPostDeletion[2m > [22m[2m削除が成功したとき、PUTメソッドで正しいURLとボディが送信されること
[22m[39m{ message: [32m'post anonymized'[39m }

 [32m✓[39m src/__tests__/SelectBlock.test.tsx [2m([22m[2m4 tests[22m[2m)[22m[33m 1810[2mms[22m[39m
     [33m[2m✓[22m[39m ブロックボタンをクリックした際、確認ダイアログが表示されること [33m 1424[2mms[22m[39m
[90mstderr[2m | src
/__tests__/SelectPost
Deletion.test.tsx[2m
 > [22m[2mSelectPos
tDeletion[2m > [22m
[2mAPIエラー時に適切なエラーメッセ
ージが表示されること
[22m[39mDelete erro
r: Error: 削除処理に失敗しました
    at handleDelete (
C:/Users/ukima/Docume
nts/sofukou/kojan-map
/frontend/src/compone
nts/SelectPostDeletio
n.tsx:50:15)

 [32m✓[39m src/__tests__/SelectPostDeletion.test.tsx [2m([22m[2m4 tests[22m[2m)[22m[33m 1622[2mms[22m[39m
     [33m[2m✓[22m[39m 削除ボタンをクリックした際、確認ダイアログが表示されること [33m 1239[2mms[22m[39m
[90mstdout[2m | src/__tests__/UserBlockViewScreen.test.tsx[2m > [22m[2mUserBlockViewScreen[2m > [22m[2mブロックユーザーがいる場合、親コンポーネントを更新し、リストを表示すること
[22m[39m{
  blocks: [
    { id: [33m1[39m, blockedId: [32m'blocked-user-1'[39m, blockerId: [32m'my-google-id'[39m },
    { id: [33m2[39m, blockedId: [32m'blocked-user-2'[39m, blockerId: [32m'my-google-id'[39m }
  ]
}

[90mstdout[2m | src/__tests__/UserBlockViewScreen.test.tsx[2m > [22m[2mUserBlockViewScreen[2m > [22m[2mブロックしたユーザーがいない場合、空のメッセージを表示すること
[22m[39m{ blocks: [] }

 [31m❯[39m src/__tests__/UserBlockViewScreen.test.tsx [2m([22m[2m3 tests[22m[2m | [22m[31m1 failed[39m[2m)[22m[33m 1289[2mms[22m[39m
[31m     [31m×[31m 初期レンダリング時にローディングが表示され、APIが呼ばれること[39m[33m 1173[2mms[22m[39m
     [32m✓[39m ブロックユーザーがいる場合、親コンポーネントを更新し、リストを表示すること[32m 66[2mms[22m[39m
     [32m✓[39m ブロックしたユーザーがいない場合、空のメッセージを表示すること[32m 46[2mms[22m[39m
 [31m❯[39m src/__tests__/UserTriggerReaction.test.tsx [2m([22m[2m6 tests[22m[2m | [22m[31m1 failed[39m[2m)[22m[33m 1572[2mms[22m[39m
     [33m[2m✓[22m[39m 未リアクション状態で正しく表示されること [33m 543[2mms[22m[39m
[31m     [31m×[31m クリックすると POST リクエストを送り、成功時に onReaction が呼ばれること[39m[33m 369[2mms[22m[39m
     [32m✓[39m リアクション済み状態でクリックすると DELETE リクエストを送ること[32m 270[2mms[22m[39m
     [32m✓[39m 事業者の場合、ボタンが非活性になりメッセージが変わること[32m 56[2mms[22m[39m
     [32m✓[39m APIエラー時にエラーメッセージが表示されること[32m 86[2mms[22m[39m
     [32m✓[39m 通信中はボタンが「処理中...」になり非活性になること[32m 237[2mms[22m[39m
[90mstderr[2m | src
/__tests__/DisplayPos
tList.test.tsx[2m > 
[22m[2mDisplayPostL
ist[2m > [22m[2m自分
の投稿の場合、削除コンポーネントが表示され
、通報ボタンが表示されないこと
[22m[39mWarning: Fu
nction components can
not be given refs. At
tempts to access this
 ref will fail. Did y
ou mean to use React.
forwardRef()?

Check the render meth
od of `DisplayPostLis
t`.
    at DialogContent 
(C:/Users/ukima/Docum
ents/sofukou/kojan-ma
p/frontend/src/compon
ents/ui/dialog.tsx:70
:26)
    at Provider (file
:///C:/Users/ukima/Do
cuments/sofukou/kojan
-map/frontend/node_mo
dules/@radix-ui/react
-context/dist/index.m
js:27:15)
    at Dialog (file:/
//C:/Users/ukima/Docu
ments/sofukou/kojan-m
ap/frontend/node_modu
les/@radix-ui/react-d
ialog/dist/index.mjs:
25:5)
    at Dialog (C:/Use
rs/ukima/Documents/so
fukou/kojan-map/front
end/src/components/ui
/dialog.tsx:17:22)
    at DisplayPostLis
t (C:/Users/ukima/Doc
uments/sofukou/kojan-
map/frontend/src/comp
onents/DisplayPostLis
t.tsx:14:28)

[90mstderr[2m | src
/__tests__/AdminDashb
oard.test.tsx[2m > 
[22m[2mAdminDashboar
d[2m > [22m[2mログアウ
トボタンをクリックすると onLogout
 が呼ばれること
[22m[39mWarning: An
 update to AdminDashb
oard inside a test wa
s not wrapped in act(
...).

When testing, code th
at causes React state
 updates should be wr
apped into act(...):

act(() => {
  /* fire events that
 update state */
});
/* assert on the outp
ut */

This ensures that you
're testing the behav
ior the user would se
e in the browser. Lea
rn more at https://re
actjs.org/link/wrap-t
ests-with-act
    at AdminDashboard
 (C:/Users/ukima/Docu
ments/sofukou/kojan-m
ap/frontend/src/compo
nents/AdminDashboard.
tsx:14:27)
Warning: An update to
 AdminDashboard insid
e a test was not wrap
ped in act(...).

When testing, code th
at causes React state
 updates should be wr
apped into act(...):

act(() => {
  /* fire events that
 update state */
});
/* assert on the outp
ut */

This ensures that you
're testing the behav
ior the user would se
e in the browser. Lea
rn more at https://re
actjs.org/link/wrap-t
ests-with-act
    at AdminDashboard
 (C:/Users/ukima/Docu
ments/sofukou/kojan-m
ap/frontend/src/compo
nents/AdminDashboard.
tsx:14:27)
Warning: An update to
 AdminDashboard insid
e a test was not wrap
ped in act(...).

When testing, code th
at causes React state
 updates should be wr
apped into act(...):

act(() => {
  /* fire events that
 update state */
});
/* assert on the outp
ut */

This ensures that you
're testing the behav
ior the user would se
e in the browser. Lea
rn more at https://re
actjs.org/link/wrap-t
ests-with-act
    at AdminDashboard
 (C:/Users/ukima/Docu
ments/sofukou/kojan-m
ap/frontend/src/compo
nents/AdminDashboard.
tsx:14:27)

[90mstdout[2m | src/__tests__/DisplayPostList.test.tsx[2m > [22m[2mDisplayPostList[2m > [22m[2m自分の投稿の場合、削除コンポーネントが表示され、通報ボタンが表示されないこと
[22m[39mdata:  {
  post: {
    postId: [33m100[39m,
    title: [32m'テスト投稿タイトル'[39m,
    text: [32m'これはテストの本文です。'[39m,
    genreId: [33m1[39m,
    genreName: [32m'グルメ'[39m,
    genreColor: [32m'#FF0000'[39m,
    userId: [32m'other-user-id'[39m,
    postDate: [32m'2026-01-25T18:07:06.942Z'[39m,
    numReaction: [33m5[39m,
    numView: [33m10[39m,
    placeId: [33m1[39m
  }
}

[90mstderr[2m | src
/__tests__/DisplayPos
tList.test.tsx[2m > 
[22m[2mDisplayPostL
ist[2m > [22m[2m自分
の投稿の場合、削除コンポーネントが表示され
、通報ボタンが表示されないこと
[22m[39mWarning: An
 update to DisplayPos
tList inside a test w
as not wrapped in act
(...).

When testing, code th
at causes React state
 updates should be wr
apped into act(...):

act(() => {
  /* fire events that
 update state */
});
/* assert on the outp
ut */

This ensures that you
're testing the behav
ior the user would se
e in the browser. Lea
rn more at https://re
actjs.org/link/wrap-t
ests-with-act
    at DisplayPostLis
t (C:/Users/ukima/Doc
uments/sofukou/kojan-
map/frontend/src/comp
onents/DisplayPostLis
t.tsx:14:28)
Warning: An update to
 DisplayPostList insi
de a test was not wra
pped in act(...).

When testing, code th
at causes React state
 updates should be wr
apped into act(...):

act(() => {
  /* fire events that
 update state */
});
/* assert on the outp
ut */

This ensures that you
're testing the behav
ior the user would se
e in the browser. Lea
rn more at https://re
actjs.org/link/wrap-t
ests-with-act
    at DisplayPostLis
t (C:/Users/ukima/Doc
uments/sofukou/kojan-
map/frontend/src/comp
onents/DisplayPostLis
t.tsx:14:28)
Warning: An update to
 DisplayPostList insi
de a test was not wra
pped in act(...).

When testing, code th
at causes React state
 updates should be wr
apped into act(...):

act(() => {
  /* fire events that
 update state */
});
/* assert on the outp
ut */

This ensures that you
're testing the behav
ior the user would se
e in the browser. Lea
rn more at https://re
actjs.org/link/wrap-t
ests-with-act
    at DisplayPostLis
t (C:/Users/ukima/Doc
uments/sofukou/kojan-
map/frontend/src/comp
onents/DisplayPostLis
t.tsx:14:28)
Warning: An update to
 DisplayPostList insi
de a test was not wra
pped in act(...).

When testing, code th
at causes React state
 updates should be wr
apped into act(...):

act(() => {
  /* fire events that
 update state */
});
/* assert on the outp
ut */

This ensures that you
're testing the behav
ior the user would se
e in the browser. Lea
rn more at https://re
actjs.org/link/wrap-t
ests-with-act
    at DisplayPostLis
t (C:/Users/ukima/Doc
uments/sofukou/kojan-
map/frontend/src/comp
onents/DisplayPostLis
t.tsx:14:28)
Warning: An update to
 Presence inside a te
st was not wrapped in
 act(...).

When testing, code th
at causes React state
 updates should be wr
apped into act(...):

act(() => {
  /* fire events that
 update state */
});
/* assert on the outp
ut */

This ensures that you
're testing the behav
ior the user would se
e in the browser. Lea
rn more at https://re
actjs.org/link/wrap-t
ests-with-act
    at Presence (file
:///C:/Users/ukima/Do
cuments/sofukou/kojan
-map/frontend/node_mo
dules/@radix-ui/react
-presence/dist/index.
mjs:19:11)
    at file:///C:/Use
rs/ukima/Documents/so
fukou/kojan-map/front
end/node_modules/@rad
ix-ui/react-dialog/di
st/index.mjs:93:64
    at C:/Users/ukima
/Documents/sofukou/ko
jan-map/frontend/src/
components/ui/dialog.
tsx:57:73
    at file:///C:/Use
rs/ukima/Documents/so
fukou/kojan-map/front
end/node_modules/@rad
ix-ui/react-primitive
/node_modules/@radix-
ui/react-slot/dist/in
dex.mjs:33:13
    at file:///C:/Use
rs/ukima/Documents/so
fukou/kojan-map/front
end/node_modules/@rad
ix-ui/react-primitive
/node_modules/@radix-
ui/react-slot/dist/in
dex.mjs:9:13
    at file:///C:/Use
rs/ukima/Documents/so
fukou/kojan-map/front
end/node_modules/@rad
ix-ui/react-primitive
/dist/index.mjs:28:13
    at file:///C:/Use
rs/ukima/Documents/so
fukou/kojan-map/front
end/node_modules/@rad
ix-ui/react-portal/di
st/index.mjs:11:22
    at Presence (file
:///C:/Users/ukima/Do
cuments/sofukou/kojan
-map/frontend/node_mo
dules/@radix-ui/react
-presence/dist/index.
mjs:19:11)
    at Provider (file
:///C:/Users/ukima/Do
cuments/sofukou/kojan
-map/frontend/node_mo
dules/@radix-ui/react
-context/dist/index.m
js:27:15)
    at DialogPortal (
file:///C:/Users/ukim
a/Documents/sofukou/k
ojan-map/frontend/nod
e_modules/@radix-ui/r
eact-dialog/dist/inde
x.mjs:85:11)
    at DialogPortal (
C:/Users/ukima/Docume
nts/sofukou/kojan-map
/frontend/src/compone
nts/ui/dialog.tsx:37:
28)
    at DialogContent 
(C:/Users/ukima/Docum
ents/sofukou/kojan-ma
p/frontend/src/compon
ents/ui/dialog.tsx:70
:26)
    at Provider (file
:///C:/Users/ukima/Do
cuments/sofukou/kojan
-map/frontend/node_mo
dules/@radix-ui/react
-context/dist/index.m
js:27:15)
    at Dialog (file:/
//C:/Users/ukima/Docu
ments/sofukou/kojan-m
ap/frontend/node_modu
les/@radix-ui/react-d
ialog/dist/index.mjs:
25:5)
    at Dialog (C:/Use
rs/ukima/Documents/so
fukou/kojan-map/front
end/src/components/ui
/dialog.tsx:17:22)
    at DisplayPostLis
t (C:/Users/ukima/Doc
uments/sofukou/kojan-
map/frontend/src/comp
onents/DisplayPostLis
t.tsx:14:28)
Warning: An update to
 Presence inside a te
st was not wrapped in
 act(...).

When testing, code th
at causes React state
 updates should be wr
apped into act(...):

act(() => {
  /* fire events that
 update state */
});
/* assert on the outp
ut */

This ensures that you
're testing the behav
ior the user would se
e in the browser. Lea
rn more at https://re
actjs.org/link/wrap-t
ests-with-act
    at Presence (file
:///C:/Users/ukima/Do
cuments/sofukou/kojan
-map/frontend/node_mo
dules/@radix-ui/react
-presence/dist/index.
mjs:19:11)
    at Provider (file
:///C:/Users/ukima/Do
cuments/sofukou/kojan
-map/frontend/node_mo
dules/@radix-ui/react
-context/dist/index.m
js:27:15)
    at DialogPortal (
file:///C:/Users/ukim
a/Documents/sofukou/k
ojan-map/frontend/nod
e_modules/@radix-ui/r
eact-dialog/dist/inde
x.mjs:85:11)
    at DialogPortal (
C:/Users/ukima/Docume
nts/sofukou/kojan-map
/frontend/src/compone
nts/ui/dialog.tsx:37:
28)
    at DialogContent 
(C:/Users/ukima/Docum
ents/sofukou/kojan-ma
p/frontend/src/compon
ents/ui/dialog.tsx:70
:26)
    at Provider (file
:///C:/Users/ukima/Do
cuments/sofukou/kojan
-map/frontend/node_mo
dules/@radix-ui/react
-context/dist/index.m
js:27:15)
    at Dialog (file:/
//C:/Users/ukima/Docu
ments/sofukou/kojan-m
ap/frontend/node_modu
les/@radix-ui/react-d
ialog/dist/index.mjs:
25:5)
    at Dialog (C:/Use
rs/ukima/Documents/so
fukou/kojan-map/front
end/src/components/ui
/dialog.tsx:17:22)
    at DisplayPostLis
t (C:/Users/ukima/Doc
uments/sofukou/kojan-
map/frontend/src/comp
onents/DisplayPostLis
t.tsx:14:28)
Warning: An update to
 FocusScope inside a 
test was not wrapped 
in act(...).

When testing, code th
at causes React state
 updates should be wr
apped into act(...):

act(() => {
  /* fire events that
 update state */
});
/* assert on the outp
ut */

This ensures that you
're testing the behav
ior the user would se
e in the browser. Lea
rn more at https://re
actjs.org/link/wrap-t
ests-with-act
    at file:///C:/Use
rs/ukima/Documents/so
fukou/kojan-map/front
end/node_modules/@rad
ix-ui/react-focus-sco
pe/dist/index.mjs:15:
5
    at file:///C:/Use
rs/ukima/Documents/so
fukou/kojan-map/front
end/node_modules/@rad
ix-ui/react-dialog/di
st/index.mjs:206:13
    at file:///C:/Use
rs/ukima/Documents/so
fukou/kojan-map/front
end/node_modules/@rad
ix-ui/react-dialog/di
st/index.mjs:132:58
    at Presence (file
:///C:/Users/ukima/Do
cuments/sofukou/kojan
-map/frontend/node_mo
dules/@radix-ui/react
-presence/dist/index.
mjs:19:11)
    at file:///C:/Use
rs/ukima/Documents/so
fukou/kojan-map/front
end/node_modules/@rad
ix-ui/react-dialog/di
st/index.mjs:123:64
    at file:///C:/Use
rs/ukima/Documents/so
fukou/kojan-map/front
end/node_modules/@rad
ix-ui/react-primitive
/node_modules/@radix-
ui/react-slot/dist/in
dex.mjs:33:13
    at file:///C:/Use
rs/ukima/Documents/so
fukou/kojan-map/front
end/node_modules/@rad
ix-ui/react-primitive
/node_modules/@radix-
ui/react-slot/dist/in
dex.mjs:9:13
    at file:///C:/Use
rs/ukima/Documents/so
fukou/kojan-map/front
end/node_modules/@rad
ix-ui/react-primitive
/dist/index.mjs:28:13
    at file:///C:/Use
rs/ukima/Documents/so
fukou/kojan-map/front
end/node_modules/@rad
ix-ui/react-portal/di
st/index.mjs:11:22
    at Presence (file
:///C:/Users/ukima/Do
cuments/sofukou/kojan
-map/frontend/node_mo
dules/@radix-ui/react
-presence/dist/index.
mjs:19:11)
    at Provider (file
:///C:/Users/ukima/Do
cuments/sofukou/kojan
-map/frontend/node_mo
dules/@radix-ui/react
-context/dist/index.m
js:27:15)
    at DialogPortal (
file:///C:/Users/ukim
a/Documents/sofukou/k
ojan-map/frontend/nod
e_modules/@radix-ui/r
eact-dialog/dist/inde
x.mjs:85:11)
    at DialogPortal (
C:/Users/ukima/Docume
nts/sofukou/kojan-map
/frontend/src/compone
nts/ui/dialog.tsx:37:
28)
    at DialogContent 
(C:/Users/ukima/Docum
ents/sofukou/kojan-ma
p/frontend/src/compon
ents/ui/dialog.tsx:70
:26)
    at Provider (file
:///C:/Users/ukima/Do
cuments/sofukou/kojan
-map/frontend/node_mo
dules/@radix-ui/react
-context/dist/index.m
js:27:15)
    at Dialog (file:/
//C:/Users/ukima/Docu
ments/sofukou/kojan-m
ap/frontend/node_modu
les/@radix-ui/react-d
ialog/dist/index.mjs:
25:5)
    at Dialog (C:/Use
rs/ukima/Documents/so
fukou/kojan-map/front
end/src/components/ui
/dialog.tsx:17:22)
    at DisplayPostLis
t (C:/Users/ukima/Doc
uments/sofukou/kojan-
map/frontend/src/comp
onents/DisplayPostLis
t.tsx:14:28)
Warning: An update to
 Presence inside a te
st was not wrapped in
 act(...).

When testing, code th
at causes React state
 updates should be wr
apped into act(...):

act(() => {
  /* fire events that
 update state */
});
/* assert on the outp
ut */

This ensures that you
're testing the behav
ior the user would se
e in the browser. Lea
rn more at https://re
actjs.org/link/wrap-t
ests-with-act
    at Presence (file
:///C:/Users/ukima/Do
cuments/sofukou/kojan
-map/frontend/node_mo
dules/@radix-ui/react
-presence/dist/index.
mjs:19:11)
    at file:///C:/Use
rs/ukima/Documents/so
fukou/kojan-map/front
end/node_modules/@rad
ix-ui/react-dialog/di
st/index.mjs:123:64
    at file:///C:/Use
rs/ukima/Documents/so
fukou/kojan-map/front
end/node_modules/@rad
ix-ui/react-primitive
/node_modules/@radix-
ui/react-slot/dist/in
dex.mjs:33:13
    at file:///C:/Use
rs/ukima/Documents/so
fukou/kojan-map/front
end/node_modules/@rad
ix-ui/react-primitive
/node_modules/@radix-
ui/react-slot/dist/in
dex.mjs:9:13
    at file:///C:/Use
rs/ukima/Documents/so
fukou/kojan-map/front
end/node_modules/@rad
ix-ui/react-primitive
/dist/index.mjs:28:13
    at file:///C:/Use
rs/ukima/Documents/so
fukou/kojan-map/front
end/node_modules/@rad
ix-ui/react-portal/di
st/index.mjs:11:22
    at Presence (file
:///C:/Users/ukima/Do
cuments/sofukou/kojan
-map/frontend/node_mo
dules/@radix-ui/react
-presence/dist/index.
mjs:19:11)
    at Provider (file
:///C:/Users/ukima/Do
cuments/sofukou/kojan
-map/frontend/node_mo
dules/@radix-ui/react
-context/dist/index.m
js:27:15)
    at DialogPortal (
file:///C:/Users/ukim
a/Documents/sofukou/k
ojan-map/frontend/nod
e_modules/@radix-ui/r
eact-dialog/dist/inde
x.mjs:85:11)
    at DialogPortal (
C:/Users/ukima/Docume
nts/sofukou/kojan-map
/frontend/src/compone
nts/ui/dialog.tsx:37:
28)
    at DialogContent 
(C:/Users/ukima/Docum
ents/sofukou/kojan-ma
p/frontend/src/compon
ents/ui/dialog.tsx:70
:26)
    at Provider (file
:///C:/Users/ukima/Do
cuments/sofukou/kojan
-map/frontend/node_mo
dules/@radix-ui/react
-context/dist/index.m
js:27:15)
    at Dialog (file:/
//C:/Users/ukima/Docu
ments/sofukou/kojan-m
ap/frontend/node_modu
les/@radix-ui/react-d
ialog/dist/index.mjs:
25:5)
    at Dialog (C:/Use
rs/ukima/Documents/so
fukou/kojan-map/front
end/src/components/ui
/dialog.tsx:17:22)
    at DisplayPostLis
t (C:/Users/ukima/Doc
uments/sofukou/kojan-
map/frontend/src/comp
onents/DisplayPostLis
t.tsx:14:28)
Warning: An update to
 Presence inside a te
st was not wrapped in
 act(...).

When testing, code th
at causes React state
 updates should be wr
apped into act(...):

act(() => {
  /* fire events that
 update state */
});
/* assert on the outp
ut */

This ensures that you
're testing the behav
ior the user would se
e in the browser. Lea
rn more at https://re
actjs.org/link/wrap-t
ests-with-act
    at Presence (file
:///C:/Users/ukima/Do
cuments/sofukou/kojan
-map/frontend/node_mo
dules/@radix-ui/react
-presence/dist/index.
mjs:19:11)
    at Provider (file
:///C:/Users/ukima/Do
cuments/sofukou/kojan
-map/frontend/node_mo
dules/@radix-ui/react
-context/dist/index.m
js:27:15)
    at DialogPortal (
file:///C:/Users/ukim
a/Documents/sofukou/k
ojan-map/frontend/nod
e_modules/@radix-ui/r
eact-dialog/dist/inde
x.mjs:85:11)
    at DialogPortal (
C:/Users/ukima/Docume
nts/sofukou/kojan-map
/frontend/src/compone
nts/ui/dialog.tsx:37:
28)
    at DialogContent 
(C:/Users/ukima/Docum
ents/sofukou/kojan-ma
p/frontend/src/compon
ents/ui/dialog.tsx:70
:26)
    at Provider (file
:///C:/Users/ukima/Do
cuments/sofukou/kojan
-map/frontend/node_mo
dules/@radix-ui/react
-context/dist/index.m
js:27:15)
    at Dialog (file:/
//C:/Users/ukima/Docu
ments/sofukou/kojan-m
ap/frontend/node_modu
les/@radix-ui/react-d
ialog/dist/index.mjs:
25:5)
    at Dialog (C:/Use
rs/ukima/Documents/so
fukou/kojan-map/front
end/src/components/ui
/dialog.tsx:17:22)
    at DisplayPostLis
t (C:/Users/ukima/Doc
uments/sofukou/kojan-
map/frontend/src/comp
onents/DisplayPostLis
t.tsx:14:28)
Warning: An update to
 DismissableLayer ins
ide a test was not wr
apped in act(...).

When testing, code th
at causes React state
 updates should be wr
apped into act(...):

act(() => {
  /* fire events that
 update state */
});
/* assert on the outp
ut */

This ensures that you
're testing the behav
ior the user would se
e in the browser. Lea
rn more at https://re
actjs.org/link/wrap-t
ests-with-act
    at file:///C:/Use
rs/ukima/Documents/so
fukou/kojan-map/front
end/node_modules/@rad
ix-ui/react-dismissab
le-layer/dist/index.m
js:24:7
    at file:///C:/Use
rs/ukima/Documents/so
fukou/kojan-map/front
end/node_modules/@rad
ix-ui/react-primitive
/node_modules/@radix-
ui/react-slot/dist/in
dex.mjs:33:13
    at file:///C:/Use
rs/ukima/Documents/so
fukou/kojan-map/front
end/node_modules/@rad
ix-ui/react-primitive
/node_modules/@radix-
ui/react-slot/dist/in
dex.mjs:9:13
    at file:///C:/Use
rs/ukima/Documents/so
fukou/kojan-map/front
end/node_modules/@rad
ix-ui/react-primitive
/dist/index.mjs:28:13
    at file:///C:/Use
rs/ukima/Documents/so
fukou/kojan-map/front
end/node_modules/@rad
ix-ui/react-focus-sco
pe/dist/index.mjs:15:
5
    at file:///C:/Use
rs/ukima/Documents/so
fukou/kojan-map/front
end/node_modules/@rad
ix-ui/react-dialog/di
st/index.mjs:206:13
    at file:///C:/Use
rs/ukima/Documents/so
fukou/kojan-map/front
end/node_modules/@rad
ix-ui/react-dialog/di
st/index.mjs:132:58
    at Presence (file
:///C:/Users/ukima/Do
cuments/sofukou/kojan
-map/frontend/node_mo
dules/@radix-ui/react
-presence/dist/index.
mjs:19:11)
    at file:///C:/Use
rs/ukima/Documents/so
fukou/kojan-map/front
end/node_modules/@rad
ix-ui/react-dialog/di
st/index.mjs:123:64
    at file:///C:/Use
rs/ukima/Documents/so
fukou/kojan-map/front
end/node_modules/@rad
ix-ui/react-primitive
/node_modules/@radix-
ui/react-slot/dist/in
dex.mjs:33:13
    at file:///C:/Use
rs/ukima/Documents/so
fukou/kojan-map/front
end/node_modules/@rad
ix-ui/react-primitive
/node_modules/@radix-
ui/react-slot/dist/in
dex.mjs:9:13
    at file:///C:/Use
rs/ukima/Documents/so
fukou/kojan-map/front
end/node_modules/@rad
ix-ui/react-primitive
/dist/index.mjs:28:13
    at file:///C:/Use
rs/ukima/Documents/so
fukou/kojan-map/front
end/node_modules/@rad
ix-ui/react-portal/di
st/index.mjs:11:22
    at Presence (file
:///C:/Users/ukima/Do
cuments/sofukou/kojan
-map/frontend/node_mo
dules/@radix-ui/react
-presence/dist/index.
mjs:19:11)
    at Provider (file
:///C:/Users/ukima/Do
cuments/sofukou/kojan
-map/frontend/node_mo
dules/@radix-ui/react
-context/dist/index.m
js:27:15)
    at DialogPortal (
file:///C:/Users/ukim
a/Documents/sofukou/k
ojan-map/frontend/nod
e_modules/@radix-ui/r
eact-dialog/dist/inde
x.mjs:85:11)
    at DialogPortal (
C:/Users/ukima/Docume
nts/sofukou/kojan-map
/frontend/src/compone
nts/ui/dialog.tsx:37:
28)
    at DialogContent 
(C:/Users/ukima/Docum
ents/sofukou/kojan-ma
p/frontend/src/compon
ents/ui/dialog.tsx:70
:26)
    at Provider (file
:///C:/Users/ukima/Do
cuments/sofukou/kojan
-map/frontend/node_mo
dules/@radix-ui/react
-context/dist/index.m
js:27:15)
    at Dialog (file:/
//C:/Users/ukima/Docu
ments/sofukou/kojan-m
ap/frontend/node_modu
les/@radix-ui/react-d
ialog/dist/index.mjs:
25:5)
    at Dialog (C:/Use
rs/ukima/Documents/so
fukou/kojan-map/front
end/src/components/ui
/dialog.tsx:17:22)
    at DisplayPostLis
t (C:/Users/ukima/Doc
uments/sofukou/kojan-
map/frontend/src/comp
onents/DisplayPostLis
t.tsx:14:28)
Warning: An update to
 Presence inside a te
st was not wrapped in
 act(...).

When testing, code th
at causes React state
 updates should be wr
apped into act(...):

act(() => {
  /* fire events that
 update state */
});
/* assert on the outp
ut */

This ensures that you
're testing the behav
ior the user would se
e in the browser. Lea
rn more at https://re
actjs.org/link/wrap-t
ests-with-act
    at Presence (file
:///C:/Users/ukima/Do
cuments/sofukou/kojan
-map/frontend/node_mo
dules/@radix-ui/react
-presence/dist/index.
mjs:19:11)
    at file:///C:/Use
rs/ukima/Documents/so
fukou/kojan-map/front
end/node_modules/@rad
ix-ui/react-dialog/di
st/index.mjs:93:64
    at C:/Users/ukima
/Documents/sofukou/ko
jan-map/frontend/src/
components/ui/dialog.
tsx:57:73
    at file:///C:/Use
rs/ukima/Documents/so
fukou/kojan-map/front
end/node_modules/@rad
ix-ui/react-primitive
/node_modules/@radix-
ui/react-slot/dist/in
dex.mjs:33:13
    at file:///C:/Use
rs/ukima/Documents/so
fukou/kojan-map/front
end/node_modules/@rad
ix-ui/react-primitive
/node_modules/@radix-
ui/react-slot/dist/in
dex.mjs:9:13
    at file:///C:/Use
rs/ukima/Documents/so
fukou/kojan-map/front
end/node_modules/@rad
ix-ui/react-primitive
/dist/index.mjs:28:13
    at file:///C:/Use
rs/ukima/Documents/so
fukou/kojan-map/front
end/node_modules/@rad
ix-ui/react-portal/di
st/index.mjs:11:22
    at Presence (file
:///C:/Users/ukima/Do
cuments/sofukou/kojan
-map/frontend/node_mo
dules/@radix-ui/react
-presence/dist/index.
mjs:19:11)
    at Provider (file
:///C:/Users/ukima/Do
cuments/sofukou/kojan
-map/frontend/node_mo
dules/@radix-ui/react
-context/dist/index.m
js:27:15)
    at DialogPortal (
file:///C:/Users/ukim
a/Documents/sofukou/k
ojan-map/frontend/nod
e_modules/@radix-ui/r
eact-dialog/dist/inde
x.mjs:85:11)
    at DialogPortal (
C:/Users/ukima/Docume
nts/sofukou/kojan-map
/frontend/src/compone
nts/ui/dialog.tsx:37:
28)
    at DialogContent 
(C:/Users/ukima/Docum
ents/sofukou/kojan-ma
p/frontend/src/compon
ents/ui/dialog.tsx:70
:26)
    at Provider (file
:///C:/Users/ukima/Do
cuments/sofukou/kojan
-map/frontend/node_mo
dules/@radix-ui/react
-context/dist/index.m
js:27:15)
    at Dialog (file:/
//C:/Users/ukima/Docu
ments/sofukou/kojan-m
ap/frontend/node_modu
les/@radix-ui/react-d
ialog/dist/index.mjs:
25:5)
    at Dialog (C:/Use
rs/ukima/Documents/so
fukou/kojan-map/front
end/src/components/ui
/dialog.tsx:17:22)
    at DisplayPostLis
t (C:/Users/ukima/Doc
uments/sofukou/kojan-
map/frontend/src/comp
onents/DisplayPostLis
t.tsx:14:28)
Warning: An update to
 Presence inside a te
st was not wrapped in
 act(...).

When testing, code th
at causes React state
 updates should be wr
apped into act(...):

act(() => {
  /* fire events that
 update state */
});
/* assert on the outp
ut */

This ensures that you
're testing the behav
ior the user would se
e in the browser. Lea
rn more at https://re
actjs.org/link/wrap-t
ests-with-act
    at Presence (file
:///C:/Users/ukima/Do
cuments/sofukou/kojan
-map/frontend/node_mo
dules/@radix-ui/react
-presence/dist/index.
mjs:19:11)
    at Provider (file
:///C:/Users/ukima/Do
cuments/sofukou/kojan
-map/frontend/node_mo
dules/@radix-ui/react
-context/dist/index.m
js:27:15)
    at DialogPortal (
file:///C:/Users/ukim
a/Documents/sofukou/k
ojan-map/frontend/nod
e_modules/@radix-ui/r
eact-dialog/dist/inde
x.mjs:85:11)
    at DialogPortal (
C:/Users/ukima/Docume
nts/sofukou/kojan-map
/frontend/src/compone
nts/ui/dialog.tsx:37:
28)
    at DialogContent 
(C:/Users/ukima/Docum
ents/sofukou/kojan-ma
p/frontend/src/compon
ents/ui/dialog.tsx:70
:26)
    at Provider (file
:///C:/Users/ukima/Do
cuments/sofukou/kojan
-map/frontend/node_mo
dules/@radix-ui/react
-context/dist/index.m
js:27:15)
    at Dialog (file:/
//C:/Users/ukima/Docu
ments/sofukou/kojan-m
ap/frontend/node_modu
les/@radix-ui/react-d
ialog/dist/index.mjs:
25:5)
    at Dialog (C:/Use
rs/ukima/Documents/so
fukou/kojan-map/front
end/src/components/ui
/dialog.tsx:17:22)
    at DisplayPostLis
t (C:/Users/ukima/Doc
uments/sofukou/kojan-
map/frontend/src/comp
onents/DisplayPostLis
t.tsx:14:28)
Warning: An update to
 FocusScope inside a 
test was not wrapped 
in act(...).

When testing, code th
at causes React state
 updates should be wr
apped into act(...):

act(() => {
  /* fire events that
 update state */
});
/* assert on the outp
ut */

This ensures that you
're testing the behav
ior the user would se
e in the browser. Lea
rn more at https://re
actjs.org/link/wrap-t
ests-with-act
    at file:///C:/Use
rs/ukima/Documents/so
fukou/kojan-map/front
end/node_modules/@rad
ix-ui/react-focus-sco
pe/dist/index.mjs:15:
5
    at file:///C:/Use
rs/ukima/Documents/so
fukou/kojan-map/front
end/node_modules/@rad
ix-ui/react-dialog/di
st/index.mjs:206:13
    at file:///C:/Use
rs/ukima/Documents/so
fukou/kojan-map/front
end/node_modules/@rad
ix-ui/react-dialog/di
st/index.mjs:132:58
    at Presence (file
:///C:/Users/ukima/Do
cuments/sofukou/kojan
-map/frontend/node_mo
dules/@radix-ui/react
-presence/dist/index.
mjs:19:11)
    at file:///C:/Use
rs/ukima/Documents/so
fukou/kojan-map/front
end/node_modules/@rad
ix-ui/react-dialog/di
st/index.mjs:123:64
    at file:///C:/Use
rs/ukima/Documents/so
fukou/kojan-map/front
end/node_modules/@rad
ix-ui/react-primitive
/node_modules/@radix-
ui/react-slot/dist/in
dex.mjs:33:13
    at file:///C:/Use
rs/ukima/Documents/so
fukou/kojan-map/front
end/node_modules/@rad
ix-ui/react-primitive
/node_modules/@radix-
ui/react-slot/dist/in
dex.mjs:9:13
    at file:///C:/Use
rs/ukima/Documents/so
fukou/kojan-map/front
end/node_modules/@rad
ix-ui/react-primitive
/dist/index.mjs:28:13
    at file:///C:/Use
rs/ukima/Documents/so
fukou/kojan-map/front
end/node_modules/@rad
ix-ui/react-portal/di
st/index.mjs:11:22
    at Presence (file
:///C:/Users/ukima/Do
cuments/sofukou/kojan
-map/frontend/node_mo
dules/@radix-ui/react
-presence/dist/index.
mjs:19:11)
    at Provider (file
:///C:/Users/ukima/Do
cuments/sofukou/kojan
-map/frontend/node_mo
dules/@radix-ui/react
-context/dist/index.m
js:27:15)
    at DialogPortal (
file:///C:/Users/ukim
a/Documents/sofukou/k
ojan-map/frontend/nod
e_modules/@radix-ui/r
eact-dialog/dist/inde
x.mjs:85:11)
    at DialogPortal (
C:/Users/ukima/Docume
nts/sofukou/kojan-map
/frontend/src/compone
nts/ui/dialog.tsx:37:
28)
    at DialogContent 
(C:/Users/ukima/Docum
ents/sofukou/kojan-ma
p/frontend/src/compon
ents/ui/dialog.tsx:70
:26)
    at Provider (file
:///C:/Users/ukima/Do
cuments/sofukou/kojan
-map/frontend/node_mo
dules/@radix-ui/react
-context/dist/index.m
js:27:15)
    at Dialog (file:/
//C:/Users/ukima/Docu
ments/sofukou/kojan-m
ap/frontend/node_modu
les/@radix-ui/react-d
ialog/dist/index.mjs:
25:5)
    at Dialog (C:/Use
rs/ukima/Documents/so
fukou/kojan-map/front
end/src/components/ui
/dialog.tsx:17:22)
    at DisplayPostLis
t (C:/Users/ukima/Doc
uments/sofukou/kojan-
map/frontend/src/comp
onents/DisplayPostLis
t.tsx:14:28)
Warning: An update to
 Presence inside a te
st was not wrapped in
 act(...).

When testing, code th
at causes React state
 updates should be wr
apped into act(...):

act(() => {
  /* fire events that
 update state */
});
/* assert on the outp
ut */

This ensures that you
're testing the behav
ior the user would se
e in the browser. Lea
rn more at https://re
actjs.org/link/wrap-t
ests-with-act
    at Presence (file
:///C:/Users/ukima/Do
cuments/sofukou/kojan
-map/frontend/node_mo
dules/@radix-ui/react
-presence/dist/index.
mjs:19:11)
    at file:///C:/Use
rs/ukima/Documents/so
fukou/kojan-map/front
end/node_modules/@rad
ix-ui/react-dialog/di
st/index.mjs:123:64
    at file:///C:/Use
rs/ukima/Documents/so
fukou/kojan-map/front
end/node_modules/@rad
ix-ui/react-primitive
/node_modules/@radix-
ui/react-slot/dist/in
dex.mjs:33:13
    at file:///C:/Use
rs/ukima/Documents/so
fukou/kojan-map/front
end/node_modules/@rad
ix-ui/react-primitive
/node_modules/@radix-
ui/react-slot/dist/in
dex.mjs:9:13
    at file:///C:/Use
rs/ukima/Documents/so
fukou/kojan-map/front
end/node_modules/@rad
ix-ui/react-primitive
/dist/index.mjs:28:13
    at file:///C:/Use
rs/ukima/Documents/so
fukou/kojan-map/front
end/node_modules/@rad
ix-ui/react-portal/di
st/index.mjs:11:22
    at Presence (file
:///C:/Users/ukima/Do
cuments/sofukou/kojan
-map/frontend/node_mo
dules/@radix-ui/react
-presence/dist/index.
mjs:19:11)
    at Provider (file
:///C:/Users/ukima/Do
cuments/sofukou/kojan
-map/frontend/node_mo
dules/@radix-ui/react
-context/dist/index.m
js:27:15)
    at DialogPortal (
file:///C:/Users/ukim
a/Documents/sofukou/k
ojan-map/frontend/nod
e_modules/@radix-ui/r
eact-dialog/dist/inde
x.mjs:85:11)
    at DialogPortal (
C:/Users/ukima/Docume
nts/sofukou/kojan-map
/frontend/src/compone
nts/ui/dialog.tsx:37:
28)
    at DialogContent 
(C:/Users/ukima/Docum
ents/sofukou/kojan-ma
p/frontend/src/compon
ents/ui/dialog.tsx:70
:26)
    at Provider (file
:///C:/Users/ukima/Do
cuments/sofukou/kojan
-map/frontend/node_mo
dules/@radix-ui/react
-context/dist/index.m
js:27:15)
    at Dialog (file:/
//C:/Users/ukima/Docu
ments/sofukou/kojan-m
ap/frontend/node_modu
les/@radix-ui/react-d
ialog/dist/index.mjs:
25:5)
    at Dialog (C:/Use
rs/ukima/Documents/so
fukou/kojan-map/front
end/src/components/ui
/dialog.tsx:17:22)
    at DisplayPostLis
t (C:/Users/ukima/Doc
uments/sofukou/kojan-
map/frontend/src/comp
onents/DisplayPostLis
t.tsx:14:28)
Warning: An update to
 Presence inside a te
st was not wrapped in
 act(...).

When testing, code th
at causes React state
 updates should be wr
apped into act(...):

act(() => {
  /* fire events that
 update state */
});
/* assert on the outp
ut */

This ensures that you
're testing the behav
ior the user would se
e in the browser. Lea
rn more at https://re
actjs.org/link/wrap-t
ests-with-act
    at Presence (file
:///C:/Users/ukima/Do
cuments/sofukou/kojan
-map/frontend/node_mo
dules/@radix-ui/react
-presence/dist/index.
mjs:19:11)
    at Provider (file
:///C:/Users/ukima/Do
cuments/sofukou/kojan
-map/frontend/node_mo
dules/@radix-ui/react
-context/dist/index.m
js:27:15)
    at DialogPortal (
file:///C:/Users/ukim
a/Documents/sofukou/k
ojan-map/frontend/nod
e_modules/@radix-ui/r
eact-dialog/dist/inde
x.mjs:85:11)
    at DialogPortal (
C:/Users/ukima/Docume
nts/sofukou/kojan-map
/frontend/src/compone
nts/ui/dialog.tsx:37:
28)
    at DialogContent 
(C:/Users/ukima/Docum
ents/sofukou/kojan-ma
p/frontend/src/compon
ents/ui/dialog.tsx:70
:26)
    at Provider (file
:///C:/Users/ukima/Do
cuments/sofukou/kojan
-map/frontend/node_mo
dules/@radix-ui/react
-context/dist/index.m
js:27:15)
    at Dialog (file:/
//C:/Users/ukima/Docu
ments/sofukou/kojan-m
ap/frontend/node_modu
les/@radix-ui/react-d
ialog/dist/index.mjs:
25:5)
    at Dialog (C:/Use
rs/ukima/Documents/so
fukou/kojan-map/front
end/src/components/ui
/dialog.tsx:17:22)
    at DisplayPostLis
t (C:/Users/ukima/Doc
uments/sofukou/kojan-
map/frontend/src/comp
onents/DisplayPostLis
t.tsx:14:28)
Warning: An update to
 DismissableLayer ins
ide a test was not wr
apped in act(...).

When testing, code th
at causes React state
 updates should be wr
apped into act(...):

act(() => {
  /* fire events that
 update state */
});
/* assert on the outp
ut */

This ensures that you
're testing the behav
ior the user would se
e in the browser. Lea
rn more at https://re
actjs.org/link/wrap-t
ests-with-act
    at file:///C:/Use
rs/ukima/Documents/so
fukou/kojan-map/front
end/node_modules/@rad
ix-ui/react-dismissab
le-layer/dist/index.m
js:24:7
    at file:///C:/Use
rs/ukima/Documents/so
fukou/kojan-map/front
end/node_modules/@rad
ix-ui/react-primitive
/node_modules/@radix-
ui/react-slot/dist/in
dex.mjs:33:13
    at file:///C:/Use
rs/ukima/Documents/so
fukou/kojan-map/front
end/node_modules/@rad
ix-ui/react-primitive
/node_modules/@radix-
ui/react-slot/dist/in
dex.mjs:9:13
    at file:///C:/Use
rs/ukima/Documents/so
fukou/kojan-map/front
end/node_modules/@rad
ix-ui/react-primitive
/dist/index.mjs:28:13
    at file:///C:/Use
rs/ukima/Documents/so
fukou/kojan-map/front
end/node_modules/@rad
ix-ui/react-focus-sco
pe/dist/index.mjs:15:
5
    at file:///C:/Use
rs/ukima/Documents/so
fukou/kojan-map/front
end/node_modules/@rad
ix-ui/react-dialog/di
st/index.mjs:206:13
    at file:///C:/Use
rs/ukima/Documents/so
fukou/kojan-map/front
end/node_modules/@rad
ix-ui/react-dialog/di
st/index.mjs:132:58
    at Presence (file
:///C:/Users/ukima/Do
cuments/sofukou/kojan
-map/frontend/node_mo
dules/@radix-ui/react
-presence/dist/index.
mjs:19:11)
    at file:///C:/Use
rs/ukima/Documents/so
fukou/kojan-map/front
end/node_modules/@rad
ix-ui/react-dialog/di
st/index.mjs:123:64
    at file:///C:/Use
rs/ukima/Documents/so
fukou/kojan-map/front
end/node_modules/@rad
ix-ui/react-primitive
/node_modules/@radix-
ui/react-slot/dist/in
dex.mjs:33:13
    at file:///C:/Use
rs/ukima/Documents/so
fukou/kojan-map/front
end/node_modules/@rad
ix-ui/react-primitive
/node_modules/@radix-
ui/react-slot/dist/in
dex.mjs:9:13
    at file:///C:/Use
rs/ukima/Documents/so
fukou/kojan-map/front
end/node_modules/@rad
ix-ui/react-primitive
/dist/index.mjs:28:13
    at file:///C:/Use
rs/ukima/Documents/so
fukou/kojan-map/front
end/node_modules/@rad
ix-ui/react-portal/di
st/index.mjs:11:22
    at Presence (file
:///C:/Users/ukima/Do
cuments/sofukou/kojan
-map/frontend/node_mo
dules/@radix-ui/react
-presence/dist/index.
mjs:19:11)
    at Provider (file
:///C:/Users/ukima/Do
cuments/sofukou/kojan
-map/frontend/node_mo
dules/@radix-ui/react
-context/dist/index.m
js:27:15)
    at DialogPortal (
file:///C:/Users/ukim
a/Documents/sofukou/k
ojan-map/frontend/nod
e_modules/@radix-ui/r
eact-dialog/dist/inde
x.mjs:85:11)
    at DialogPortal (
C:/Users/ukima/Docume
nts/sofukou/kojan-map
/frontend/src/compone
nts/ui/dialog.tsx:37:
28)
    at DialogContent 
(C:/Users/ukima/Docum
ents/sofukou/kojan-ma
p/frontend/src/compon
ents/ui/dialog.tsx:70
:26)
    at Provider (file
:///C:/Users/ukima/Do
cuments/sofukou/kojan
-map/frontend/node_mo
dules/@radix-ui/react
-context/dist/index.m
js:27:15)
    at Dialog (file:/
//C:/Users/ukima/Docu
ments/sofukou/kojan-m
ap/frontend/node_modu
les/@radix-ui/react-d
ialog/dist/index.mjs:
25:5)
    at Dialog (C:/Use
rs/ukima/Documents/so
fukou/kojan-map/front
end/src/components/ui
/dialog.tsx:17:22)
    at DisplayPostLis
t (C:/Users/ukima/Doc
uments/sofukou/kojan-
map/frontend/src/comp
onents/DisplayPostLis
t.tsx:14:28)

[90mstdout[2m | src/__tests__/DisplayPostList.test.tsx[2m > [22m[2mDisplayPostList[2m > [22m[2m他人の投稿の場合、通報ボタンが表示され、削除ボタンが表示されないこと
[22m[39mdata:  {
  post: {
    postId: [33m100[39m,
    title: [32m'テスト投稿タイトル'[39m,
    text: [32m'これはテストの本文です。'[39m,
    genreId: [33m1[39m,
    genreName: [32m'グルメ'[39m,
    genreColor: [32m'#FF0000'[39m,
    userId: [32m'other-user-id'[39m,
    postDate: [32m'2026-01-25T18:07:06.942Z'[39m,
    numReaction: [33m5[39m,
    numView: [33m10[39m,
    placeId: [33m1[39m
  }
}

[90mstderr[2m | src
/__tests__/DisplayPos
tList.test.tsx[2m > 
[22m[2mDisplayPostL
ist[2m > [22m[2m他人
の投稿の場合、通報ボタンが表示され、削除ボ
タンが表示されないこと
[22m[39mWarning: An
 update to DisplayPos
tList inside a test w
as not wrapped in act
(...).

When testing, code th
at causes React state
 updates should be wr
apped into act(...):

act(() => {
  /* fire events that
 update state */
});
/* assert on the outp
ut */

This ensures that you
're testing the behav
ior the user would se
e in the browser. Lea
rn more at https://re
actjs.org/link/wrap-t
ests-with-act
    at DisplayPostLis
t (C:/Users/ukima/Doc
uments/sofukou/kojan-
map/frontend/src/comp
onents/DisplayPostLis
t.tsx:14:28)
Warning: An update to
 DisplayPostList insi
de a test was not wra
pped in act(...).

When testing, code th
at causes React state
 updates should be wr
apped into act(...):

act(() => {
  /* fire events that
 update state */
});
/* assert on the outp
ut */

This ensures that you
're testing the behav
ior the user would se
e in the browser. Lea
rn more at https://re
actjs.org/link/wrap-t
ests-with-act
    at DisplayPostLis
t (C:/Users/ukima/Doc
uments/sofukou/kojan-
map/frontend/src/comp
onents/DisplayPostLis
t.tsx:14:28)
Warning: An update to
 DisplayPostList insi
de a test was not wra
pped in act(...).

When testing, code th
at causes React state
 updates should be wr
apped into act(...):

act(() => {
  /* fire events that
 update state */
});
/* assert on the outp
ut */

This ensures that you
're testing the behav
ior the user would se
e in the browser. Lea
rn more at https://re
actjs.org/link/wrap-t
ests-with-act
    at DisplayPostLis
t (C:/Users/ukima/Doc
uments/sofukou/kojan-
map/frontend/src/comp
onents/DisplayPostLis
t.tsx:14:28)
Warning: An update to
 DisplayPostList insi
de a test was not wra
pped in act(...).

When testing, code th
at causes React state
 updates should be wr
apped into act(...):

act(() => {
  /* fire events that
 update state */
});
/* assert on the outp
ut */

This ensures that you
're testing the behav
ior the user would se
e in the browser. Lea
rn more at https://re
actjs.org/link/wrap-t
ests-with-act
    at DisplayPostLis
t (C:/Users/ukima/Doc
uments/sofukou/kojan-
map/frontend/src/comp
onents/DisplayPostLis
t.tsx:14:28)
Warning: An update to
 Presence inside a te
st was not wrapped in
 act(...).

When testing, code th
at causes React state
 updates should be wr
apped into act(...):

act(() => {
  /* fire events that
 update state */
});
/* assert on the outp
ut */

This ensures that you
're testing the behav
ior the user would se
e in the browser. Lea
rn more at https://re
actjs.org/link/wrap-t
ests-with-act
    at Presence (file
:///C:/Users/ukima/Do
cuments/sofukou/kojan
-map/frontend/node_mo
dules/@radix-ui/react
-presence/dist/index.
mjs:19:11)
    at file:///C:/Use
rs/ukima/Documents/so
fukou/kojan-map/front
end/node_modules/@rad
ix-ui/react-dialog/di
st/index.mjs:93:64
    at C:/Users/ukima
/Documents/sofukou/ko
jan-map/frontend/src/
components/ui/dialog.
tsx:57:73
    at file:///C:/Use
rs/ukima/Documents/so
fukou/kojan-map/front
end/node_modules/@rad
ix-ui/react-primitive
/node_modules/@radix-
ui/react-slot/dist/in
dex.mjs:33:13
    at file:///C:/Use
rs/ukima/Documents/so
fukou/kojan-map/front
end/node_modules/@rad
ix-ui/react-primitive
/node_modules/@radix-
ui/react-slot/dist/in
dex.mjs:9:13
    at file:///C:/Use
rs/ukima/Documents/so
fukou/kojan-map/front
end/node_modules/@rad
ix-ui/react-primitive
/dist/index.mjs:28:13
    at file:///C:/Use
rs/ukima/Documents/so
fukou/kojan-map/front
end/node_modules/@rad
ix-ui/react-portal/di
st/index.mjs:11:22
    at Presence (file
:///C:/Users/ukima/Do
cuments/sofukou/kojan
-map/frontend/node_mo
dules/@radix-ui/react
-presence/dist/index.
mjs:19:11)
    at Provider (file
:///C:/Users/ukima/Do
cuments/sofukou/kojan
-map/frontend/node_mo
dules/@radix-ui/react
-context/dist/index.m
js:27:15)
    at DialogPortal (
file:///C:/Users/ukim
a/Documents/sofukou/k
ojan-map/frontend/nod
e_modules/@radix-ui/r
eact-dialog/dist/inde
x.mjs:85:11)
    at DialogPortal (
C:/Users/ukima/Docume
nts/sofukou/kojan-map
/frontend/src/compone
nts/ui/dialog.tsx:37:
28)
    at DialogContent 
(C:/Users/ukima/Docum
ents/sofukou/kojan-ma
p/frontend/src/compon
ents/ui/dialog.tsx:70
:26)
    at Provider (file
:///C:/Users/ukima/Do
cuments/sofukou/kojan
-map/frontend/node_mo
dules/@radix-ui/react
-context/dist/index.m
js:27:15)
    at Dialog (file:/
//C:/Users/ukima/Docu
ments/sofukou/kojan-m
ap/frontend/node_modu
les/@radix-ui/react-d
ialog/dist/index.mjs:
25:5)
    at Dialog (C:/Use
rs/ukima/Documents/so
fukou/kojan-map/front
end/src/components/ui
/dialog.tsx:17:22)
    at DisplayPostLis
t (C:/Users/ukima/Doc
uments/sofukou/kojan-
map/frontend/src/comp
onents/DisplayPostLis
t.tsx:14:28)
Warning: An update to
 Presence inside a te
st was not wrapped in
 act(...).

When testing, code th
at causes React state
 updates should be wr
apped into act(...):

act(() => {
  /* fire events that
 update state */
});
/* assert on the outp
ut */

This ensures that you
're testing the behav
ior the user would se
e in the browser. Lea
rn more at https://re
actjs.org/link/wrap-t
ests-with-act
    at Presence (file
:///C:/Users/ukima/Do
cuments/sofukou/kojan
-map/frontend/node_mo
dules/@radix-ui/react
-presence/dist/index.
mjs:19:11)
    at Provider (file
:///C:/Users/ukima/Do
cuments/sofukou/kojan
-map/frontend/node_mo
dules/@radix-ui/react
-context/dist/index.m
js:27:15)
    at DialogPortal (
file:///C:/Users/ukim
a/Documents/sofukou/k
ojan-map/frontend/nod
e_modules/@radix-ui/r
eact-dialog/dist/inde
x.mjs:85:11)
    at DialogPortal (
C:/Users/ukima/Docume
nts/sofukou/kojan-map
/frontend/src/compone
nts/ui/dialog.tsx:37:
28)
    at DialogContent 
(C:/Users/ukima/Docum
ents/sofukou/kojan-ma
p/frontend/src/compon
ents/ui/dialog.tsx:70
:26)
    at Provider (file
:///C:/Users/ukima/Do
cuments/sofukou/kojan
-map/frontend/node_mo
dules/@radix-ui/react
-context/dist/index.m
js:27:15)
    at Dialog (file:/
//C:/Users/ukima/Docu
ments/sofukou/kojan-m
ap/frontend/node_modu
les/@radix-ui/react-d
ialog/dist/index.mjs:
25:5)
    at Dialog (C:/Use
rs/ukima/Documents/so
fukou/kojan-map/front
end/src/components/ui
/dialog.tsx:17:22)
    at DisplayPostLis
t (C:/Users/ukima/Doc
uments/sofukou/kojan-
map/frontend/src/comp
onents/DisplayPostLis
t.tsx:14:28)
Warning: An update to
 FocusScope inside a 
test was not wrapped 
in act(...).

When testing, code th
at causes React state
 updates should be wr
apped into act(...):

act(() => {
  /* fire events that
 update state */
});
/* assert on the outp
ut */

This ensures that you
're testing the behav
ior the user would se
e in the browser. Lea
rn more at https://re
actjs.org/link/wrap-t
ests-with-act
    at file:///C:/Use
rs/ukima/Documents/so
fukou/kojan-map/front
end/node_modules/@rad
ix-ui/react-focus-sco
pe/dist/index.mjs:15:
5
    at file:///C:/Use
rs/ukima/Documents/so
fukou/kojan-map/front
end/node_modules/@rad
ix-ui/react-dialog/di
st/index.mjs:206:13
    at file:///C:/Use
rs/ukima/Documents/so
fukou/kojan-map/front
end/node_modules/@rad
ix-ui/react-dialog/di
st/index.mjs:132:58
    at Presence (file
:///C:/Users/ukima/Do
cuments/sofukou/kojan
-map/frontend/node_mo
dules/@radix-ui/react
-presence/dist/index.
mjs:19:11)
    at file:///C:/Use
rs/ukima/Documents/so
fukou/kojan-map/front
end/node_modules/@rad
ix-ui/react-dialog/di
st/index.mjs:123:64
    at file:///C:/Use
rs/ukima/Documents/so
fukou/kojan-map/front
end/node_modules/@rad
ix-ui/react-primitive
/node_modules/@radix-
ui/react-slot/dist/in
dex.mjs:33:13
    at file:///C:/Use
rs/ukima/Documents/so
fukou/kojan-map/front
end/node_modules/@rad
ix-ui/react-primitive
/node_modules/@radix-
ui/react-slot/dist/in
dex.mjs:9:13
    at file:///C:/Use
rs/ukima/Documents/so
fukou/kojan-map/front
end/node_modules/@rad
ix-ui/react-primitive
/dist/index.mjs:28:13
    at file:///C:/Use
rs/ukima/Documents/so
fukou/kojan-map/front
end/node_modules/@rad
ix-ui/react-portal/di
st/index.mjs:11:22
    at Presence (file
:///C:/Users/ukima/Do
cuments/sofukou/kojan
-map/frontend/node_mo
dules/@radix-ui/react
-presence/dist/index.
mjs:19:11)
    at Provider (file
:///C:/Users/ukima/Do
cuments/sofukou/kojan
-map/frontend/node_mo
dules/@radix-ui/react
-context/dist/index.m
js:27:15)
    at DialogPortal (
file:///C:/Users/ukim
a/Documents/sofukou/k
ojan-map/frontend/nod
e_modules/@radix-ui/r
eact-dialog/dist/inde
x.mjs:85:11)
    at DialogPortal (
C:/Users/ukima/Docume
nts/sofukou/kojan-map
/frontend/src/compone
nts/ui/dialog.tsx:37:
28)
    at DialogContent 
(C:/Users/ukima/Docum
ents/sofukou/kojan-ma
p/frontend/src/compon
ents/ui/dialog.tsx:70
:26)
    at Provider (file
:///C:/Users/ukima/Do
cuments/sofukou/kojan
-map/frontend/node_mo
dules/@radix-ui/react
-context/dist/index.m
js:27:15)
    at Dialog (file:/
//C:/Users/ukima/Docu
ments/sofukou/kojan-m
ap/frontend/node_modu
les/@radix-ui/react-d
ialog/dist/index.mjs:
25:5)
    at Dialog (C:/Use
rs/ukima/Documents/so
fukou/kojan-map/front
end/src/components/ui
/dialog.tsx:17:22)
    at DisplayPostLis
t (C:/Users/ukima/Doc
uments/sofukou/kojan-
map/frontend/src/comp
onents/DisplayPostLis
t.tsx:14:28)
Warning: An update to
 Presence inside a te
st was not wrapped in
 act(...).

When testing, code th
at causes React state
 updates should be wr
apped into act(...):

act(() => {
  /* fire events that
 update state */
});
/* assert on the outp
ut */

This ensures that you
're testing the behav
ior the user would se
e in the browser. Lea
rn more at https://re
actjs.org/link/wrap-t
ests-with-act
    at Presence (file
:///C:/Users/ukima/Do
cuments/sofukou/kojan
-map/frontend/node_mo
dules/@radix-ui/react
-presence/dist/index.
mjs:19:11)
    at file:///C:/Use
rs/ukima/Documents/so
fukou/kojan-map/front
end/node_modules/@rad
ix-ui/react-dialog/di
st/index.mjs:123:64
    at file:///C:/Use
rs/ukima/Documents/so
fukou/kojan-map/front
end/node_modules/@rad
ix-ui/react-primitive
/node_modules/@radix-
ui/react-slot/dist/in
dex.mjs:33:13
    at file:///C:/Use
rs/ukima/Documents/so
fukou/kojan-map/front
end/node_modules/@rad
ix-ui/react-primitive
/node_modules/@radix-
ui/react-slot/dist/in
dex.mjs:9:13
    at file:///C:/Use
rs/ukima/Documents/so
fukou/kojan-map/front
end/node_modules/@rad
ix-ui/react-primitive
/dist/index.mjs:28:13
    at file:///C:/Use
rs/ukima/Documents/so
fukou/kojan-map/front
end/node_modules/@rad
ix-ui/react-portal/di
st/index.mjs:11:22
    at Presence (file
:///C:/Users/ukima/Do
cuments/sofukou/kojan
-map/frontend/node_mo
dules/@radix-ui/react
-presence/dist/index.
mjs:19:11)
    at Provider (file
:///C:/Users/ukima/Do
cuments/sofukou/kojan
-map/frontend/node_mo
dules/@radix-ui/react
-context/dist/index.m
js:27:15)
    at DialogPortal (
file:///C:/Users/ukim
a/Documents/sofukou/k
ojan-map/frontend/nod
e_modules/@radix-ui/r
eact-dialog/dist/inde
x.mjs:85:11)
    at DialogPortal (
C:/Users/ukima/Docume
nts/sofukou/kojan-map
/frontend/src/compone
nts/ui/dialog.tsx:37:
28)
    at DialogContent 
(C:/Users/ukima/Docum
ents/sofukou/kojan-ma
p/frontend/src/compon
ents/ui/dialog.tsx:70
:26)
    at Provider (file
:///C:/Users/ukima/Do
cuments/sofukou/kojan
-map/frontend/node_mo
dules/@radix-ui/react
-context/dist/index.m
js:27:15)
    at Dialog (file:/
//C:/Users/ukima/Docu
ments/sofukou/kojan-m
ap/frontend/node_modu
les/@radix-ui/react-d
ialog/dist/index.mjs:
25:5)
    at Dialog (C:/Use
rs/ukima/Documents/so
fukou/kojan-map/front
end/src/components/ui
/dialog.tsx:17:22)
    at DisplayPostLis
t (C:/Users/ukima/Doc
uments/sofukou/kojan-
map/frontend/src/comp
onents/DisplayPostLis
t.tsx:14:28)
Warning: An update to
 Presence inside a te
st was not wrapped in
 act(...).

When testing, code th
at causes React state
 updates should be wr
apped into act(...):

act(() => {
  /* fire events that
 update state */
});
/* assert on the outp
ut */

This ensures that you
're testing the behav
ior the user would se
e in the browser. Lea
rn more at https://re
actjs.org/link/wrap-t
ests-with-act
    at Presence (file
:///C:/Users/ukima/Do
cuments/sofukou/kojan
-map/frontend/node_mo
dules/@radix-ui/react
-presence/dist/index.
mjs:19:11)
    at Provider (file
:///C:/Users/ukima/Do
cuments/sofukou/kojan
-map/frontend/node_mo
dules/@radix-ui/react
-context/dist/index.m
js:27:15)
    at DialogPortal (
file:///C:/Users/ukim
a/Documents/sofukou/k
ojan-map/frontend/nod
e_modules/@radix-ui/r
eact-dialog/dist/inde
x.mjs:85:11)
    at DialogPortal (
C:/Users/ukima/Docume
nts/sofukou/kojan-map
/frontend/src/compone
nts/ui/dialog.tsx:37:
28)
    at DialogContent 
(C:/Users/ukima/Docum
ents/sofukou/kojan-ma
p/frontend/src/compon
ents/ui/dialog.tsx:70
:26)
    at Provider (file
:///C:/Users/ukima/Do
cuments/sofukou/kojan
-map/frontend/node_mo
dules/@radix-ui/react
-context/dist/index.m
js:27:15)
    at Dialog (file:/
//C:/Users/ukima/Docu
ments/sofukou/kojan-m
ap/frontend/node_modu
les/@radix-ui/react-d
ialog/dist/index.mjs:
25:5)
    at Dialog (C:/Use
rs/ukima/Documents/so
fukou/kojan-map/front
end/src/components/ui
/dialog.tsx:17:22)
    at DisplayPostLis
t (C:/Users/ukima/Doc
uments/sofukou/kojan-
map/frontend/src/comp
onents/DisplayPostLis
t.tsx:14:28)
Warning: An update to
 DismissableLayer ins
ide a test was not wr
apped in act(...).

When testing, code th
at causes React state
 updates should be wr
apped into act(...):

act(() => {
  /* fire events that
 update state */
});
/* assert on the outp
ut */

This ensures that you
're testing the behav
ior the user would se
e in the browser. Lea
rn more at https://re
actjs.org/link/wrap-t
ests-with-act
    at file:///C:/Use
rs/ukima/Documents/so
fukou/kojan-map/front
end/node_modules/@rad
ix-ui/react-dismissab
le-layer/dist/index.m
js:24:7
    at file:///C:/Use
rs/ukima/Documents/so
fukou/kojan-map/front
end/node_modules/@rad
ix-ui/react-primitive
/node_modules/@radix-
ui/react-slot/dist/in
dex.mjs:33:13
    at file:///C:/Use
rs/ukima/Documents/so
fukou/kojan-map/front
end/node_modules/@rad
ix-ui/react-primitive
/node_modules/@radix-
ui/react-slot/dist/in
dex.mjs:9:13
    at file:///C:/Use
rs/ukima/Documents/so
fukou/kojan-map/front
end/node_modules/@rad
ix-ui/react-primitive
/dist/index.mjs:28:13
    at file:///C:/Use
rs/ukima/Documents/so
fukou/kojan-map/front
end/node_modules/@rad
ix-ui/react-focus-sco
pe/dist/index.mjs:15:
5
    at file:///C:/Use
rs/ukima/Documents/so
fukou/kojan-map/front
end/node_modules/@rad
ix-ui/react-dialog/di
st/index.mjs:206:13
    at file:///C:/Use
rs/ukima/Documents/so
fukou/kojan-map/front
end/node_modules/@rad
ix-ui/react-dialog/di
st/index.mjs:132:58
    at Presence (file
:///C:/Users/ukima/Do
cuments/sofukou/kojan
-map/frontend/node_mo
dules/@radix-ui/react
-presence/dist/index.
mjs:19:11)
    at file:///C:/Use
rs/ukima/Documents/so
fukou/kojan-map/front
end/node_modules/@rad
ix-ui/react-dialog/di
st/index.mjs:123:64
    at file:///C:/Use
rs/ukima/Documents/so
fukou/kojan-map/front
end/node_modules/@rad
ix-ui/react-primitive
/node_modules/@radix-
ui/react-slot/dist/in
dex.mjs:33:13
    at file:///C:/Use
rs/ukima/Documents/so
fukou/kojan-map/front
end/node_modules/@rad
ix-ui/react-primitive
/node_modules/@radix-
ui/react-slot/dist/in
dex.mjs:9:13
    at file:///C:/Use
rs/ukima/Documents/so
fukou/kojan-map/front
end/node_modules/@rad
ix-ui/react-primitive
/dist/index.mjs:28:13
    at file:///C:/Use
rs/ukima/Documents/so
fukou/kojan-map/front
end/node_modules/@rad
ix-ui/react-portal/di
st/index.mjs:11:22
    at Presence (file
:///C:/Users/ukima/Do
cuments/sofukou/kojan
-map/frontend/node_mo
dules/@radix-ui/react
-presence/dist/index.
mjs:19:11)
    at Provider (file
:///C:/Users/ukima/Do
cuments/sofukou/kojan
-map/frontend/node_mo
dules/@radix-ui/react
-context/dist/index.m
js:27:15)
    at DialogPortal (
file:///C:/Users/ukim
a/Documents/sofukou/k
ojan-map/frontend/nod
e_modules/@radix-ui/r
eact-dialog/dist/inde
x.mjs:85:11)
    at DialogPortal (
C:/Users/ukima/Docume
nts/sofukou/kojan-map
/frontend/src/compone
nts/ui/dialog.tsx:37:
28)
    at DialogContent 
(C:/Users/ukima/Docum
ents/sofukou/kojan-ma
p/frontend/src/compon
ents/ui/dialog.tsx:70
:26)
    at Provider (file
:///C:/Users/ukima/Do
cuments/sofukou/kojan
-map/frontend/node_mo
dules/@radix-ui/react
-context/dist/index.m
js:27:15)
    at Dialog (file:/
//C:/Users/ukima/Docu
ments/sofukou/kojan-m
ap/frontend/node_modu
les/@radix-ui/react-d
ialog/dist/index.mjs:
25:5)
    at Dialog (C:/Use
rs/ukima/Documents/so
fukou/kojan-map/front
end/src/components/ui
/dialog.tsx:17:22)
    at DisplayPostLis
t (C:/Users/ukima/Doc
uments/sofukou/kojan-
map/frontend/src/comp
onents/DisplayPostLis
t.tsx:14:28)
Warning: An update to
 Presence inside a te
st was not wrapped in
 act(...).

When testing, code th
at causes React state
 updates should be wr
apped into act(...):

act(() => {
  /* fire events that
 update state */
});
/* assert on the outp
ut */

This ensures that you
're testing the behav
ior the user would se
e in the browser. Lea
rn more at https://re
actjs.org/link/wrap-t
ests-with-act
    at Presence (file
:///C:/Users/ukima/Do
cuments/sofukou/kojan
-map/frontend/node_mo
dules/@radix-ui/react
-presence/dist/index.
mjs:19:11)
    at file:///C:/Use
rs/ukima/Documents/so
fukou/kojan-map/front
end/node_modules/@rad
ix-ui/react-dialog/di
st/index.mjs:93:64
    at C:/Users/ukima
/Documents/sofukou/ko
jan-map/frontend/src/
components/ui/dialog.
tsx:57:73
    at file:///C:/Use
rs/ukima/Documents/so
fukou/kojan-map/front
end/node_modules/@rad
ix-ui/react-primitive
/node_modules/@radix-
ui/react-slot/dist/in
dex.mjs:33:13
    at file:///C:/Use
rs/ukima/Documents/so
fukou/kojan-map/front
end/node_modules/@rad
ix-ui/react-primitive
/node_modules/@radix-
ui/react-slot/dist/in
dex.mjs:9:13
    at file:///C:/Use
rs/ukima/Documents/so
fukou/kojan-map/front
end/node_modules/@rad
ix-ui/react-primitive
/dist/index.mjs:28:13
    at file:///C:/Use
rs/ukima/Documents/so
fukou/kojan-map/front
end/node_modules/@rad
ix-ui/react-portal/di
st/index.mjs:11:22
    at Presence (file
:///C:/Users/ukima/Do
cuments/sofukou/kojan
-map/frontend/node_mo
dules/@radix-ui/react
-presence/dist/index.
mjs:19:11)
    at Provider (file
:///C:/Users/ukima/Do
cuments/sofukou/kojan
-map/frontend/node_mo
dules/@radix-ui/react
-context/dist/index.m
js:27:15)
    at DialogPortal (
file:///C:/Users/ukim
a/Documents/sofukou/k
ojan-map/frontend/nod
e_modules/@radix-ui/r
eact-dialog/dist/inde
x.mjs:85:11)
    at DialogPortal (
C:/Users/ukima/Docume
nts/sofukou/kojan-map
/frontend/src/compone
nts/ui/dialog.tsx:37:
28)
    at DialogContent 
(C:/Users/ukima/Docum
ents/sofukou/kojan-ma
p/frontend/src/compon
ents/ui/dialog.tsx:70
:26)
    at Provider (file
:///C:/Users/ukima/Do
cuments/sofukou/kojan
-map/frontend/node_mo
dules/@radix-ui/react
-context/dist/index.m
js:27:15)
    at Dialog (file:/
//C:/Users/ukima/Docu
ments/sofukou/kojan-m
ap/frontend/node_modu
les/@radix-ui/react-d
ialog/dist/index.mjs:
25:5)
    at Dialog (C:/Use
rs/ukima/Documents/so
fukou/kojan-map/front
end/src/components/ui
/dialog.tsx:17:22)
    at DisplayPostLis
t (C:/Users/ukima/Doc
uments/sofukou/kojan-
map/frontend/src/comp
onents/DisplayPostLis
t.tsx:14:28)
Warning: An update to
 Presence inside a te
st was not wrapped in
 act(...).

When testing, code th
at causes React state
 updates should be wr
apped into act(...):

act(() => {
  /* fire events that
 update state */
});
/* assert on the outp
ut */

This ensures that you
're testing the behav
ior the user would se
e in the browser. Lea
rn more at https://re
actjs.org/link/wrap-t
ests-with-act
    at Presence (file
:///C:/Users/ukima/Do
cuments/sofukou/kojan
-map/frontend/node_mo
dules/@radix-ui/react
-presence/dist/index.
mjs:19:11)
    at Provider (file
:///C:/Users/ukima/Do
cuments/sofukou/kojan
-map/frontend/node_mo
dules/@radix-ui/react
-context/dist/index.m
js:27:15)
    at DialogPortal (
file:///C:/Users/ukim
a/Documents/sofukou/k
ojan-map/frontend/nod
e_modules/@radix-ui/r
eact-dialog/dist/inde
x.mjs:85:11)
    at DialogPortal (
C:/Users/ukima/Docume
nts/sofukou/kojan-map
/frontend/src/compone
nts/ui/dialog.tsx:37:
28)
    at DialogContent 
(C:/Users/ukima/Docum
ents/sofukou/kojan-ma
p/frontend/src/compon
ents/ui/dialog.tsx:70
:26)
    at Provider (file
:///C:/Users/ukima/Do
cuments/sofukou/kojan
-map/frontend/node_mo
dules/@radix-ui/react
-context/dist/index.m
js:27:15)
    at Dialog (file:/
//C:/Users/ukima/Docu
ments/sofukou/kojan-m
ap/frontend/node_modu
les/@radix-ui/react-d
ialog/dist/index.mjs:
25:5)
    at Dialog (C:/Use
rs/ukima/Documents/so
fukou/kojan-map/front
end/src/components/ui
/dialog.tsx:17:22)
    at DisplayPostLis
t (C:/Users/ukima/Doc
uments/sofukou/kojan-
map/frontend/src/comp
onents/DisplayPostLis
t.tsx:14:28)
Warning: An update to
 FocusScope inside a 
test was not wrapped 
in act(...).

When testing, code th
at causes React state
 updates should be wr
apped into act(...):

act(() => {
  /* fire events that
 update state */
});
/* assert on the outp
ut */

This ensures that you
're testing the behav
ior the user would se
e in the browser. Lea
rn more at https://re
actjs.org/link/wrap-t
ests-with-act
    at file:///C:/Use
rs/ukima/Documents/so
fukou/kojan-map/front
end/node_modules/@rad
ix-ui/react-focus-sco
pe/dist/index.mjs:15:
5
    at file:///C:/Use
rs/ukima/Documents/so
fukou/kojan-map/front
end/node_modules/@rad
ix-ui/react-dialog/di
st/index.mjs:206:13
    at file:///C:/Use
rs/ukima/Documents/so
fukou/kojan-map/front
end/node_modules/@rad
ix-ui/react-dialog/di
st/index.mjs:132:58
    at Presence (file
:///C:/Users/ukima/Do
cuments/sofukou/kojan
-map/frontend/node_mo
dules/@radix-ui/react
-presence/dist/index.
mjs:19:11)
    at file:///C:/Use
rs/ukima/Documents/so
fukou/kojan-map/front
end/node_modules/@rad
ix-ui/react-dialog/di
st/index.mjs:123:64
    at file:///C:/Use
rs/ukima/Documents/so
fukou/kojan-map/front
end/node_modules/@rad
ix-ui/react-primitive
/node_modules/@radix-
ui/react-slot/dist/in
dex.mjs:33:13
    at file:///C:/Use
rs/ukima/Documents/so
fukou/kojan-map/front
end/node_modules/@rad
ix-ui/react-primitive
/node_modules/@radix-
ui/react-slot/dist/in
dex.mjs:9:13
    at file:///C:/Use
rs/ukima/Documents/so
fukou/kojan-map/front
end/node_modules/@rad
ix-ui/react-primitive
/dist/index.mjs:28:13
    at file:///C:/Use
rs/ukima/Documents/so
fukou/kojan-map/front
end/node_modules/@rad
ix-ui/react-portal/di
st/index.mjs:11:22
    at Presence (file
:///C:/Users/ukima/Do
cuments/sofukou/kojan
-map/frontend/node_mo
dules/@radix-ui/react
-presence/dist/index.
mjs:19:11)
    at Provider (file
:///C:/Users/ukima/Do
cuments/sofukou/kojan
-map/frontend/node_mo
dules/@radix-ui/react
-context/dist/index.m
js:27:15)
    at DialogPortal (
file:///C:/Users/ukim
a/Documents/sofukou/k
ojan-map/frontend/nod
e_modules/@radix-ui/r
eact-dialog/dist/inde
x.mjs:85:11)
    at DialogPortal (
C:/Users/ukima/Docume
nts/sofukou/kojan-map
/frontend/src/compone
nts/ui/dialog.tsx:37:
28)
    at DialogContent 
(C:/Users/ukima/Docum
ents/sofukou/kojan-ma
p/frontend/src/compon
ents/ui/dialog.tsx:70
:26)
    at Provider (file
:///C:/Users/ukima/Do
cuments/sofukou/kojan
-map/frontend/node_mo
dules/@radix-ui/react
-context/dist/index.m
js:27:15)
    at Dialog (file:/
//C:/Users/ukima/Docu
ments/sofukou/kojan-m
ap/frontend/node_modu
les/@radix-ui/react-d
ialog/dist/index.mjs:
25:5)
    at Dialog (C:/Use
rs/ukima/Documents/so
fukou/kojan-map/front
end/src/components/ui
/dialog.tsx:17:22)
    at DisplayPostLis
t (C:/Users/ukima/Doc
uments/sofukou/kojan-
map/frontend/src/comp
onents/DisplayPostLis
t.tsx:14:28)
Warning: An update to
 Presence inside a te
st was not wrapped in
 act(...).

When testing, code th
at causes React state
 updates should be wr
apped into act(...):

act(() => {
  /* fire events that
 update state */
});
/* assert on the outp
ut */

This ensures that you
're testing the behav
ior the user would se
e in the browser. Lea
rn more at https://re
actjs.org/link/wrap-t
ests-with-act
    at Presence (file
:///C:/Users/ukima/Do
cuments/sofukou/kojan
-map/frontend/node_mo
dules/@radix-ui/react
-presence/dist/index.
mjs:19:11)
    at file:///C:/Use
rs/ukima/Documents/so
fukou/kojan-map/front
end/node_modules/@rad
ix-ui/react-dialog/di
st/index.mjs:123:64
    at file:///C:/Use
rs/ukima/Documents/so
fukou/kojan-map/front
end/node_modules/@rad
ix-ui/react-primitive
/node_modules/@radix-
ui/react-slot/dist/in
dex.mjs:33:13
    at file:///C:/Use
rs/ukima/Documents/so
fukou/kojan-map/front
end/node_modules/@rad
ix-ui/react-primitive
/node_modules/@radix-
ui/react-slot/dist/in
dex.mjs:9:13
    at file:///C:/Use
rs/ukima/Documents/so
fukou/kojan-map/front
end/node_modules/@rad
ix-ui/react-primitive
/dist/index.mjs:28:13
    at file:///C:/Use
rs/ukima/Documents/so
fukou/kojan-map/front
end/node_modules/@rad
ix-ui/react-portal/di
st/index.mjs:11:22
    at Presence (file
:///C:/Users/ukima/Do
cuments/sofukou/kojan
-map/frontend/node_mo
dules/@radix-ui/react
-presence/dist/index.
mjs:19:11)
    at Provider (file
:///C:/Users/ukima/Do
cuments/sofukou/kojan
-map/frontend/node_mo
dules/@radix-ui/react
-context/dist/index.m
js:27:15)
    at DialogPortal (
file:///C:/Users/ukim
a/Documents/sofukou/k
ojan-map/frontend/nod
e_modules/@radix-ui/r
eact-dialog/dist/inde
x.mjs:85:11)
    at DialogPortal (
C:/Users/ukima/Docume
nts/sofukou/kojan-map
/frontend/src/compone
nts/ui/dialog.tsx:37:
28)
    at DialogContent 
(C:/Users/ukima/Docum
ents/sofukou/kojan-ma
p/frontend/src/compon
ents/ui/dialog.tsx:70
:26)
    at Provider (file
:///C:/Users/ukima/Do
cuments/sofukou/kojan
-map/frontend/node_mo
dules/@radix-ui/react
-context/dist/index.m
js:27:15)
    at Dialog (file:/
//C:/Users/ukima/Docu
ments/sofukou/kojan-m
ap/frontend/node_modu
les/@radix-ui/react-d
ialog/dist/index.mjs:
25:5)
    at Dialog (C:/Use
rs/ukima/Documents/so
fukou/kojan-map/front
end/src/components/ui
/dialog.tsx:17:22)
    at DisplayPostLis
t (C:/Users/ukima/Doc
uments/sofukou/kojan-
map/frontend/src/comp
onents/DisplayPostLis
t.tsx:14:28)
Warning: An update to
 Presence inside a te
st was not wrapped in
 act(...).

When testing, code th
at causes React state
 updates should be wr
apped into act(...):

act(() => {
  /* fire events that
 update state */
});
/* assert on the outp
ut */

This ensures that you
're testing the behav
ior the user would se
e in the browser. Lea
rn more at https://re
actjs.org/link/wrap-t
ests-with-act
    at Presence (file
:///C:/Users/ukima/Do
cuments/sofukou/kojan
-map/frontend/node_mo
dules/@radix-ui/react
-presence/dist/index.
mjs:19:11)
    at Provider (file
:///C:/Users/ukima/Do
cuments/sofukou/kojan
-map/frontend/node_mo
dules/@radix-ui/react
-context/dist/index.m
js:27:15)
    at DialogPortal (
file:///C:/Users/ukim
a/Documents/sofukou/k
ojan-map/frontend/nod
e_modules/@radix-ui/r
eact-dialog/dist/inde
x.mjs:85:11)
    at DialogPortal (
C:/Users/ukima/Docume
nts/sofukou/kojan-map
/frontend/src/compone
nts/ui/dialog.tsx:37:
28)
    at DialogContent 
(C:/Users/ukima/Docum
ents/sofukou/kojan-ma
p/frontend/src/compon
ents/ui/dialog.tsx:70
:26)
    at Provider (file
:///C:/Users/ukima/Do
cuments/sofukou/kojan
-map/frontend/node_mo
dules/@radix-ui/react
-context/dist/index.m
js:27:15)
    at Dialog (file:/
//C:/Users/ukima/Docu
ments/sofukou/kojan-m
ap/frontend/node_modu
les/@radix-ui/react-d
ialog/dist/index.mjs:
25:5)
    at Dialog (C:/Use
rs/ukima/Documents/so
fukou/kojan-map/front
end/src/components/ui
/dialog.tsx:17:22)
    at DisplayPostLis
t (C:/Users/ukima/Doc
uments/sofukou/kojan-
map/frontend/src/comp
onents/DisplayPostLis
t.tsx:14:28)
Warning: An update to
 DismissableLayer ins
ide a test was not wr
apped in act(...).

When testing, code th
at causes React state
 updates should be wr
apped into act(...):

act(() => {
  /* fire events that
 update state */
});
/* assert on the outp
ut */

This ensures that you
're testing the behav
ior the user would se
e in the browser. Lea
rn more at https://re
actjs.org/link/wrap-t
ests-with-act
    at file:///C:/Use
rs/ukima/Documents/so
fukou/kojan-map/front
end/node_modules/@rad
ix-ui/react-dismissab
le-layer/dist/index.m
js:24:7
    at file:///C:/Use
rs/ukima/Documents/so
fukou/kojan-map/front
end/node_modules/@rad
ix-ui/react-primitive
/node_modules/@radix-
ui/react-slot/dist/in
dex.mjs:33:13
    at file:///C:/Use
rs/ukima/Documents/so
fukou/kojan-map/front
end/node_modules/@rad
ix-ui/react-primitive
/node_modules/@radix-
ui/react-slot/dist/in
dex.mjs:9:13
    at file:///C:/Use
rs/ukima/Documents/so
fukou/kojan-map/front
end/node_modules/@rad
ix-ui/react-primitive
/dist/index.mjs:28:13
    at file:///C:/Use
rs/ukima/Documents/so
fukou/kojan-map/front
end/node_modules/@rad
ix-ui/react-focus-sco
pe/dist/index.mjs:15:
5
    at file:///C:/Use
rs/ukima/Documents/so
fukou/kojan-map/front
end/node_modules/@rad
ix-ui/react-dialog/di
st/index.mjs:206:13
    at file:///C:/Use
rs/ukima/Documents/so
fukou/kojan-map/front
end/node_modules/@rad
ix-ui/react-dialog/di
st/index.mjs:132:58
    at Presence (file
:///C:/Users/ukima/Do
cuments/sofukou/kojan
-map/frontend/node_mo
dules/@radix-ui/react
-presence/dist/index.
mjs:19:11)
    at file:///C:/Use
rs/ukima/Documents/so
fukou/kojan-map/front
end/node_modules/@rad
ix-ui/react-dialog/di
st/index.mjs:123:64
    at file:///C:/Use
rs/ukima/Documents/so
fukou/kojan-map/front
end/node_modules/@rad
ix-ui/react-primitive
/node_modules/@radix-
ui/react-slot/dist/in
dex.mjs:33:13
    at file:///C:/Use
rs/ukima/Documents/so
fukou/kojan-map/front
end/node_modules/@rad
ix-ui/react-primitive
/node_modules/@radix-
ui/react-slot/dist/in
dex.mjs:9:13
    at file:///C:/Use
rs/ukima/Documents/so
fukou/kojan-map/front
end/node_modules/@rad
ix-ui/react-primitive
/dist/index.mjs:28:13
    at file:///C:/Use
rs/ukima/Documents/so
fukou/kojan-map/front
end/node_modules/@rad
ix-ui/react-portal/di
st/index.mjs:11:22
    at Presence (file
:///C:/Users/ukima/Do
cuments/sofukou/kojan
-map/frontend/node_mo
dules/@radix-ui/react
-presence/dist/index.
mjs:19:11)
    at Provider (file
:///C:/Users/ukima/Do
cuments/sofukou/kojan
-map/frontend/node_mo
dules/@radix-ui/react
-context/dist/index.m
js:27:15)
    at DialogPortal (
file:///C:/Users/ukim
a/Documents/sofukou/k
ojan-map/frontend/nod
e_modules/@radix-ui/r
eact-dialog/dist/inde
x.mjs:85:11)
    at DialogPortal (
C:/Users/ukima/Docume
nts/sofukou/kojan-map
/frontend/src/compone
nts/ui/dialog.tsx:37:
28)
    at DialogContent 
(C:/Users/ukima/Docum
ents/sofukou/kojan-ma
p/frontend/src/compon
ents/ui/dialog.tsx:70
:26)
    at Provider (file
:///C:/Users/ukima/Do
cuments/sofukou/kojan
-map/frontend/node_mo
dules/@radix-ui/react
-context/dist/index.m
js:27:15)
    at Dialog (file:/
//C:/Users/ukima/Docu
ments/sofukou/kojan-m
ap/frontend/node_modu
les/@radix-ui/react-d
ialog/dist/index.mjs:
25:5)
    at Dialog (C:/Use
rs/ukima/Documents/so
fukou/kojan-map/front
end/src/components/ui
/dialog.tsx:17:22)
    at DisplayPostLis
t (C:/Users/ukima/Doc
uments/sofukou/kojan-
map/frontend/src/comp
onents/DisplayPostLis
t.tsx:14:28)

[90mstderr[2m | src
/__tests__/ContactMod
al.test.tsx[2m > [2
2m[2mContactModal[2
m > [22m[2mAPIエラー時に
エラートーストを表示すること
[22m[39mContact sub
mit error: Error: 送信に
失敗しました
    at handleSubmit (
C:/Users/ukima/Docume
nts/sofukou/kojan-map
/frontend/src/compone
nts/ContactModal.tsx:
52:15)
[90m    at runNextTi
cks (node:internal/pr
ocess/task_queues:65:
5)[39m
[90m    at processTi
mers (node:internal/t
imers:520:9)[39m

[90mstderr[2m | src
/__tests__/AdminDashb
oard.test.tsx[2m > 
[22m[2mAdminDashboar
d[2m > [22m[2m通報の解
決 (handleResolveRepor
t) が正しく動作し、統計が更新されること
[22m[39mWarning: An
 update to AdminDashb
oard inside a test wa
s not wrapped in act(
...).

When testing, code th
at causes React state
 updates should be wr
apped into act(...):

act(() => {
  /* fire events that
 update state */
});
/* assert on the outp
ut */

This ensures that you
're testing the behav
ior the user would se
e in the browser. Lea
rn more at https://re
actjs.org/link/wrap-t
ests-with-act
    at AdminDashboard
 (C:/Users/ukima/Docu
ments/sofukou/kojan-m
ap/frontend/src/compo
nents/AdminDashboard.
tsx:14:27)

 [32m✓[39m src/__tests__/Sidebar.test.tsx [2m([22m[2m3 tests[22m[2m)[22m[33m 2172[2mms[22m[39m
     [33m[2m✓[22m[39m キーワード入力時にデバウンスを経てAPIが呼ばれ、検索結果が表示されること [33m 1105[2mms[22m[39m
     [33m[2m✓[22m[39m 検索実行中にローディングアイコンが表示されること [33m 869[2mms[22m[39m
[90mstdout[2m | src/__tests__/DisplayPostList.test.tsx[2m > [22m[2mDisplayPostList[2m > [22m[2m通報ボタンをクリックすると、通報画面(ReportScreen)が表示されること
[22m[39mdata:  {
  post: {
    postId: [33m100[39m,
    title: [32m'テスト投稿タイトル'[39m,
    text: [32m'これはテストの本文です。'[39m,
    genreId: [33m1[39m,
    genreName: [32m'グルメ'[39m,
    genreColor: [32m'#FF0000'[39m,
    userId: [32m'other-user-id'[39m,
    postDate: [32m'2026-01-25T18:07:06.942Z'[39m,
    numReaction: [33m5[39m,
    numView: [33m10[39m,
    placeId: [33m1[39m
  }
}

[90mstderr[2m | src
/__tests__/DisplayPos
tList.test.tsx[2m > 
[22m[2mDisplayPostL
ist[2m > [22m[2m通報
ボタンをクリックすると、通報画面(Repo
rtScreen)が表示されること
[22m[39mWarning: An
 update to DisplayPos
tList inside a test w
as not wrapped in act
(...).

When testing, code th
at causes React state
 updates should be wr
apped into act(...):

act(() => {
  /* fire events that
 update state */
});
/* assert on the outp
ut */

This ensures that you
're testing the behav
ior the user would se
e in the browser. Lea
rn more at https://re
actjs.org/link/wrap-t
ests-with-act
    at DisplayPostLis
t (C:/Users/ukima/Doc
uments/sofukou/kojan-
map/frontend/src/comp
onents/DisplayPostLis
t.tsx:14:28)
Warning: An update to
 DisplayPostList insi
de a test was not wra
pped in act(...).

When testing, code th
at causes React state
 updates should be wr
apped into act(...):

act(() => {
  /* fire events that
 update state */
});
/* assert on the outp
ut */

This ensures that you
're testing the behav
ior the user would se
e in the browser. Lea
rn more at https://re
actjs.org/link/wrap-t
ests-with-act
    at DisplayPostLis
t (C:/Users/ukima/Doc
uments/sofukou/kojan-
map/frontend/src/comp
onents/DisplayPostLis
t.tsx:14:28)
Warning: An update to
 DisplayPostList insi
de a test was not wra
pped in act(...).

When testing, code th
at causes React state
 updates should be wr
apped into act(...):

act(() => {
  /* fire events that
 update state */
});
/* assert on the outp
ut */

This ensures that you
're testing the behav
ior the user would se
e in the browser. Lea
rn more at https://re
actjs.org/link/wrap-t
ests-with-act
    at DisplayPostLis
t (C:/Users/ukima/Doc
uments/sofukou/kojan-
map/frontend/src/comp
onents/DisplayPostLis
t.tsx:14:28)
Warning: An update to
 DisplayPostList insi
de a test was not wra
pped in act(...).

When testing, code th
at causes React state
 updates should be wr
apped into act(...):

act(() => {
  /* fire events that
 update state */
});
/* assert on the outp
ut */

This ensures that you
're testing the behav
ior the user would se
e in the browser. Lea
rn more at https://re
actjs.org/link/wrap-t
ests-with-act
    at DisplayPostLis
t (C:/Users/ukima/Doc
uments/sofukou/kojan-
map/frontend/src/comp
onents/DisplayPostLis
t.tsx:14:28)
Warning: An update to
 Presence inside a te
st was not wrapped in
 act(...).

When testing, code th
at causes React state
 updates should be wr
apped into act(...):

act(() => {
  /* fire events that
 update state */
});
/* assert on the outp
ut */

This ensures that you
're testing the behav
ior the user would se
e in the browser. Lea
rn more at https://re
actjs.org/link/wrap-t
ests-with-act
    at Presence (file
:///C:/Users/ukima/Do
cuments/sofukou/kojan
-map/frontend/node_mo
dules/@radix-ui/react
-presence/dist/index.
mjs:19:11)
    at file:///C:/Use
rs/ukima/Documents/so
fukou/kojan-map/front
end/node_modules/@rad
ix-ui/react-dialog/di
st/index.mjs:93:64
    at C:/Users/ukima
/Documents/sofukou/ko
jan-map/frontend/src/
components/ui/dialog.
tsx:57:73
    at file:///C:/Use
rs/ukima/Documents/so
fukou/kojan-map/front
end/node_modules/@rad
ix-ui/react-primitive
/node_modules/@radix-
ui/react-slot/dist/in
dex.mjs:33:13
    at file:///C:/Use
rs/ukima/Documents/so
fukou/kojan-map/front
end/node_modules/@rad
ix-ui/react-primitive
/node_modules/@radix-
ui/react-slot/dist/in
dex.mjs:9:13
    at file:///C:/Use
rs/ukima/Documents/so
fukou/kojan-map/front
end/node_modules/@rad
ix-ui/react-primitive
/dist/index.mjs:28:13
    at file:///C:/Use
rs/ukima/Documents/so
fukou/kojan-map/front
end/node_modules/@rad
ix-ui/react-portal/di
st/index.mjs:11:22
    at Presence (file
:///C:/Users/ukima/Do
cuments/sofukou/kojan
-map/frontend/node_mo
dules/@radix-ui/react
-presence/dist/index.
mjs:19:11)
    at Provider (file
:///C:/Users/ukima/Do
cuments/sofukou/kojan
-map/frontend/node_mo
dules/@radix-ui/react
-context/dist/index.m
js:27:15)
    at DialogPortal (
file:///C:/Users/ukim
a/Documents/sofukou/k
ojan-map/frontend/nod
e_modules/@radix-ui/r
eact-dialog/dist/inde
x.mjs:85:11)
    at DialogPortal (
C:/Users/ukima/Docume
nts/sofukou/kojan-map
/frontend/src/compone
nts/ui/dialog.tsx:37:
28)
    at DialogContent 
(C:/Users/ukima/Docum
ents/sofukou/kojan-ma
p/frontend/src/compon
ents/ui/dialog.tsx:70
:26)
    at Provider (file
:///C:/Users/ukima/Do
cuments/sofukou/kojan
-map/frontend/node_mo
dules/@radix-ui/react
-context/dist/index.m
js:27:15)
    at Dialog (file:/
//C:/Users/ukima/Docu
ments/sofukou/kojan-m
ap/frontend/node_modu
les/@radix-ui/react-d
ialog/dist/index.mjs:
25:5)
    at Dialog (C:/Use
rs/ukima/Documents/so
fukou/kojan-map/front
end/src/components/ui
/dialog.tsx:17:22)
    at DisplayPostLis
t (C:/Users/ukima/Doc
uments/sofukou/kojan-
map/frontend/src/comp
onents/DisplayPostLis
t.tsx:14:28)
Warning: An update to
 Presence inside a te
st was not wrapped in
 act(...).

When testing, code th
at causes React state
 updates should be wr
apped into act(...):

act(() => {
  /* fire events that
 update state */
});
/* assert on the outp
ut */

This ensures that you
're testing the behav
ior the user would se
e in the browser. Lea
rn more at https://re
actjs.org/link/wrap-t
ests-with-act
    at Presence (file
:///C:/Users/ukima/Do
cuments/sofukou/kojan
-map/frontend/node_mo
dules/@radix-ui/react
-presence/dist/index.
mjs:19:11)
    at Provider (file
:///C:/Users/ukima/Do
cuments/sofukou/kojan
-map/frontend/node_mo
dules/@radix-ui/react
-context/dist/index.m
js:27:15)
    at DialogPortal (
file:///C:/Users/ukim
a/Documents/sofukou/k
ojan-map/frontend/nod
e_modules/@radix-ui/r
eact-dialog/dist/inde
x.mjs:85:11)
    at DialogPortal (
C:/Users/ukima/Docume
nts/sofukou/kojan-map
/frontend/src/compone
nts/ui/dialog.tsx:37:
28)
    at DialogContent 
(C:/Users/ukima/Docum
ents/sofukou/kojan-ma
p/frontend/src/compon
ents/ui/dialog.tsx:70
:26)
    at Provider (file
:///C:/Users/ukima/Do
cuments/sofukou/kojan
-map/frontend/node_mo
dules/@radix-ui/react
-context/dist/index.m
js:27:15)
    at Dialog (file:/
//C:/Users/ukima/Docu
ments/sofukou/kojan-m
ap/frontend/node_modu
les/@radix-ui/react-d
ialog/dist/index.mjs:
25:5)
    at Dialog (C:/Use
rs/ukima/Documents/so
fukou/kojan-map/front
end/src/components/ui
/dialog.tsx:17:22)
    at DisplayPostLis
t (C:/Users/ukima/Doc
uments/sofukou/kojan-
map/frontend/src/comp
onents/DisplayPostLis
t.tsx:14:28)
Warning: An update to
 FocusScope inside a 
test was not wrapped 
in act(...).

When testing, code th
at causes React state
 updates should be wr
apped into act(...):

act(() => {
  /* fire events that
 update state */
});
/* assert on the outp
ut */

This ensures that you
're testing the behav
ior the user would se
e in the browser. Lea
rn more at https://re
actjs.org/link/wrap-t
ests-with-act
    at file:///C:/Use
rs/ukima/Documents/so
fukou/kojan-map/front
end/node_modules/@rad
ix-ui/react-focus-sco
pe/dist/index.mjs:15:
5
    at file:///C:/Use
rs/ukima/Documents/so
fukou/kojan-map/front
end/node_modules/@rad
ix-ui/react-dialog/di
st/index.mjs:206:13
    at file:///C:/Use
rs/ukima/Documents/so
fukou/kojan-map/front
end/node_modules/@rad
ix-ui/react-dialog/di
st/index.mjs:132:58
    at Presence (file
:///C:/Users/ukima/Do
cuments/sofukou/kojan
-map/frontend/node_mo
dules/@radix-ui/react
-presence/dist/index.
mjs:19:11)
    at file:///C:/Use
rs/ukima/Documents/so
fukou/kojan-map/front
end/node_modules/@rad
ix-ui/react-dialog/di
st/index.mjs:123:64
    at file:///C:/Use
rs/ukima/Documents/so
fukou/kojan-map/front
end/node_modules/@rad
ix-ui/react-primitive
/node_modules/@radix-
ui/react-slot/dist/in
dex.mjs:33:13
    at file:///C:/Use
rs/ukima/Documents/so
fukou/kojan-map/front
end/node_modules/@rad
ix-ui/react-primitive
/node_modules/@radix-
ui/react-slot/dist/in
dex.mjs:9:13
    at file:///C:/Use
rs/ukima/Documents/so
fukou/kojan-map/front
end/node_modules/@rad
ix-ui/react-primitive
/dist/index.mjs:28:13
    at file:///C:/Use
rs/ukima/Documents/so
fukou/kojan-map/front
end/node_modules/@rad
ix-ui/react-portal/di
st/index.mjs:11:22
    at Presence (file
:///C:/Users/ukima/Do
cuments/sofukou/kojan
-map/frontend/node_mo
dules/@radix-ui/react
-presence/dist/index.
mjs:19:11)
    at Provider (file
:///C:/Users/ukima/Do
cuments/sofukou/kojan
-map/frontend/node_mo
dules/@radix-ui/react
-context/dist/index.m
js:27:15)
    at DialogPortal (
file:///C:/Users/ukim
a/Documents/sofukou/k
ojan-map/frontend/nod
e_modules/@radix-ui/r
eact-dialog/dist/inde
x.mjs:85:11)
    at DialogPortal (
C:/Users/ukima/Docume
nts/sofukou/kojan-map
/frontend/src/compone
nts/ui/dialog.tsx:37:
28)
    at DialogContent 
(C:/Users/ukima/Docum
ents/sofukou/kojan-ma
p/frontend/src/compon
ents/ui/dialog.tsx:70
:26)
    at Provider (file
:///C:/Users/ukima/Do
cuments/sofukou/kojan
-map/frontend/node_mo
dules/@radix-ui/react
-context/dist/index.m
js:27:15)
    at Dialog (file:/
//C:/Users/ukima/Docu
ments/sofukou/kojan-m
ap/frontend/node_modu
les/@radix-ui/react-d
ialog/dist/index.mjs:
25:5)
    at Dialog (C:/Use
rs/ukima/Documents/so
fukou/kojan-map/front
end/src/components/ui
/dialog.tsx:17:22)
    at DisplayPostLis
t (C:/Users/ukima/Doc
uments/sofukou/kojan-
map/frontend/src/comp
onents/DisplayPostLis
t.tsx:14:28)
Warning: An update to
 Presence inside a te
st was not wrapped in
 act(...).

When testing, code th
at causes React state
 updates should be wr
apped into act(...):

act(() => {
  /* fire events that
 update state */
});
/* assert on the outp
ut */

This ensures that you
're testing the behav
ior the user would se
e in the browser. Lea
rn more at https://re
actjs.org/link/wrap-t
ests-with-act
    at Presence (file
:///C:/Users/ukima/Do
cuments/sofukou/kojan
-map/frontend/node_mo
dules/@radix-ui/react
-presence/dist/index.
mjs:19:11)
    at file:///C:/Use
rs/ukima/Documents/so
fukou/kojan-map/front
end/node_modules/@rad
ix-ui/react-dialog/di
st/index.mjs:123:64
    at file:///C:/Use
rs/ukima/Documents/so
fukou/kojan-map/front
end/node_modules/@rad
ix-ui/react-primitive
/node_modules/@radix-
ui/react-slot/dist/in
dex.mjs:33:13
    at file:///C:/Use
rs/ukima/Documents/so
fukou/kojan-map/front
end/node_modules/@rad
ix-ui/react-primitive
/node_modules/@radix-
ui/react-slot/dist/in
dex.mjs:9:13
    at file:///C:/Use
rs/ukima/Documents/so
fukou/kojan-map/front
end/node_modules/@rad
ix-ui/react-primitive
/dist/index.mjs:28:13
    at file:///C:/Use
rs/ukima/Documents/so
fukou/kojan-map/front
end/node_modules/@rad
ix-ui/react-portal/di
st/index.mjs:11:22
    at Presence (file
:///C:/Users/ukima/Do
cuments/sofukou/kojan
-map/frontend/node_mo
dules/@radix-ui/react
-presence/dist/index.
mjs:19:11)
    at Provider (file
:///C:/Users/ukima/Do
cuments/sofukou/kojan
-map/frontend/node_mo
dules/@radix-ui/react
-context/dist/index.m
js:27:15)
    at DialogPortal (
file:///C:/Users/ukim
a/Documents/sofukou/k
ojan-map/frontend/nod
e_modules/@radix-ui/r
eact-dialog/dist/inde
x.mjs:85:11)
    at DialogPortal (
C:/Users/ukima/Docume
nts/sofukou/kojan-map
/frontend/src/compone
nts/ui/dialog.tsx:37:
28)
    at DialogContent 
(C:/Users/ukima/Docum
ents/sofukou/kojan-ma
p/frontend/src/compon
ents/ui/dialog.tsx:70
:26)
    at Provider (file
:///C:/Users/ukima/Do
cuments/sofukou/kojan
-map/frontend/node_mo
dules/@radix-ui/react
-context/dist/index.m
js:27:15)
    at Dialog (file:/
//C:/Users/ukima/Docu
ments/sofukou/kojan-m
ap/frontend/node_modu
les/@radix-ui/react-d
ialog/dist/index.mjs:
25:5)
    at Dialog (C:/Use
rs/ukima/Documents/so
fukou/kojan-map/front
end/src/components/ui
/dialog.tsx:17:22)
    at DisplayPostLis
t (C:/Users/ukima/Doc
uments/sofukou/kojan-
map/frontend/src/comp
onents/DisplayPostLis
t.tsx:14:28)
Warning: An update to
 Presence inside a te
st was not wrapped in
 act(...).

When testing, code th
at causes React state
 updates should be wr
apped into act(...):

act(() => {
  /* fire events that
 update state */
});
/* assert on the outp
ut */

This ensures that you
're testing the behav
ior the user would se
e in the browser. Lea
rn more at https://re
actjs.org/link/wrap-t
ests-with-act
    at Presence (file
:///C:/Users/ukima/Do
cuments/sofukou/kojan
-map/frontend/node_mo
dules/@radix-ui/react
-presence/dist/index.
mjs:19:11)
    at Provider (file
:///C:/Users/ukima/Do
cuments/sofukou/kojan
-map/frontend/node_mo
dules/@radix-ui/react
-context/dist/index.m
js:27:15)
    at DialogPortal (
file:///C:/Users/ukim
a/Documents/sofukou/k
ojan-map/frontend/nod
e_modules/@radix-ui/r
eact-dialog/dist/inde
x.mjs:85:11)
    at DialogPortal (
C:/Users/ukima/Docume
nts/sofukou/kojan-map
/frontend/src/compone
nts/ui/dialog.tsx:37:
28)
    at DialogContent 
(C:/Users/ukima/Docum
ents/sofukou/kojan-ma
p/frontend/src/compon
ents/ui/dialog.tsx:70
:26)
    at Provider (file
:///C:/Users/ukima/Do
cuments/sofukou/kojan
-map/frontend/node_mo
dules/@radix-ui/react
-context/dist/index.m
js:27:15)
    at Dialog (file:/
//C:/Users/ukima/Docu
ments/sofukou/kojan-m
ap/frontend/node_modu
les/@radix-ui/react-d
ialog/dist/index.mjs:
25:5)
    at Dialog (C:/Use
rs/ukima/Documents/so
fukou/kojan-map/front
end/src/components/ui
/dialog.tsx:17:22)
    at DisplayPostLis
t (C:/Users/ukima/Doc
uments/sofukou/kojan-
map/frontend/src/comp
onents/DisplayPostLis
t.tsx:14:28)
Warning: An update to
 DismissableLayer ins
ide a test was not wr
apped in act(...).

When testing, code th
at causes React state
 updates should be wr
apped into act(...):

act(() => {
  /* fire events that
 update state */
});
/* assert on the outp
ut */

This ensures that you
're testing the behav
ior the user would se
e in the browser. Lea
rn more at https://re
actjs.org/link/wrap-t
ests-with-act
    at file:///C:/Use
rs/ukima/Documents/so
fukou/kojan-map/front
end/node_modules/@rad
ix-ui/react-dismissab
le-layer/dist/index.m
js:24:7
    at file:///C:/Use
rs/ukima/Documents/so
fukou/kojan-map/front
end/node_modules/@rad
ix-ui/react-primitive
/node_modules/@radix-
ui/react-slot/dist/in
dex.mjs:33:13
    at file:///C:/Use
rs/ukima/Documents/so
fukou/kojan-map/front
end/node_modules/@rad
ix-ui/react-primitive
/node_modules/@radix-
ui/react-slot/dist/in
dex.mjs:9:13
    at file:///C:/Use
rs/ukima/Documents/so
fukou/kojan-map/front
end/node_modules/@rad
ix-ui/react-primitive
/dist/index.mjs:28:13
    at file:///C:/Use
rs/ukima/Documents/so
fukou/kojan-map/front
end/node_modules/@rad
ix-ui/react-focus-sco
pe/dist/index.mjs:15:
5
    at file:///C:/Use
rs/ukima/Documents/so
fukou/kojan-map/front
end/node_modules/@rad
ix-ui/react-dialog/di
st/index.mjs:206:13
    at file:///C:/Use
rs/ukima/Documents/so
fukou/kojan-map/front
end/node_modules/@rad
ix-ui/react-dialog/di
st/index.mjs:132:58
    at Presence (file
:///C:/Users/ukima/Do
cuments/sofukou/kojan
-map/frontend/node_mo
dules/@radix-ui/react
-presence/dist/index.
mjs:19:11)
    at file:///C:/Use
rs/ukima/Documents/so
fukou/kojan-map/front
end/node_modules/@rad
ix-ui/react-dialog/di
st/index.mjs:123:64
    at file:///C:/Use
rs/ukima/Documents/so
fukou/kojan-map/front
end/node_modules/@rad
ix-ui/react-primitive
/node_modules/@radix-
ui/react-slot/dist/in
dex.mjs:33:13
    at file:///C:/Use
rs/ukima/Documents/so
fukou/kojan-map/front
end/node_modules/@rad
ix-ui/react-primitive
/node_modules/@radix-
ui/react-slot/dist/in
dex.mjs:9:13
    at file:///C:/Use
rs/ukima/Documents/so
fukou/kojan-map/front
end/node_modules/@rad
ix-ui/react-primitive
/dist/index.mjs:28:13
    at file:///C:/Use
rs/ukima/Documents/so
fukou/kojan-map/front
end/node_modules/@rad
ix-ui/react-portal/di
st/index.mjs:11:22
    at Presence (file
:///C:/Users/ukima/Do
cuments/sofukou/kojan
-map/frontend/node_mo
dules/@radix-ui/react
-presence/dist/index.
mjs:19:11)
    at Provider (file
:///C:/Users/ukima/Do
cuments/sofukou/kojan
-map/frontend/node_mo
dules/@radix-ui/react
-context/dist/index.m
js:27:15)
    at DialogPortal (
file:///C:/Users/ukim
a/Documents/sofukou/k
ojan-map/frontend/nod
e_modules/@radix-ui/r
eact-dialog/dist/inde
x.mjs:85:11)
    at DialogPortal (
C:/Users/ukima/Docume
nts/sofukou/kojan-map
/frontend/src/compone
nts/ui/dialog.tsx:37:
28)
    at DialogContent 
(C:/Users/ukima/Docum
ents/sofukou/kojan-ma
p/frontend/src/compon
ents/ui/dialog.tsx:70
:26)
    at Provider (file
:///C:/Users/ukima/Do
cuments/sofukou/kojan
-map/frontend/node_mo
dules/@radix-ui/react
-context/dist/index.m
js:27:15)
    at Dialog (file:/
//C:/Users/ukima/Docu
ments/sofukou/kojan-m
ap/frontend/node_modu
les/@radix-ui/react-d
ialog/dist/index.mjs:
25:5)
    at Dialog (C:/Use
rs/ukima/Documents/so
fukou/kojan-map/front
end/src/components/ui
/dialog.tsx:17:22)
    at DisplayPostLis
t (C:/Users/ukima/Doc
uments/sofukou/kojan-
map/frontend/src/comp
onents/DisplayPostLis
t.tsx:14:28)
Warning: An update to
 Presence inside a te
st was not wrapped in
 act(...).

When testing, code th
at causes React state
 updates should be wr
apped into act(...):

act(() => {
  /* fire events that
 update state */
});
/* assert on the outp
ut */

This ensures that you
're testing the behav
ior the user would se
e in the browser. Lea
rn more at https://re
actjs.org/link/wrap-t
ests-with-act
    at Presence (file
:///C:/Users/ukima/Do
cuments/sofukou/kojan
-map/frontend/node_mo
dules/@radix-ui/react
-presence/dist/index.
mjs:19:11)
    at file:///C:/Use
rs/ukima/Documents/so
fukou/kojan-map/front
end/node_modules/@rad
ix-ui/react-dialog/di
st/index.mjs:93:64
    at C:/Users/ukima
/Documents/sofukou/ko
jan-map/frontend/src/
components/ui/dialog.
tsx:57:73
    at file:///C:/Use
rs/ukima/Documents/so
fukou/kojan-map/front
end/node_modules/@rad
ix-ui/react-primitive
/node_modules/@radix-
ui/react-slot/dist/in
dex.mjs:33:13
    at file:///C:/Use
rs/ukima/Documents/so
fukou/kojan-map/front
end/node_modules/@rad
ix-ui/react-primitive
/node_modules/@radix-
ui/react-slot/dist/in
dex.mjs:9:13
    at file:///C:/Use
rs/ukima/Documents/so
fukou/kojan-map/front
end/node_modules/@rad
ix-ui/react-primitive
/dist/index.mjs:28:13
    at file:///C:/Use
rs/ukima/Documents/so
fukou/kojan-map/front
end/node_modules/@rad
ix-ui/react-portal/di
st/index.mjs:11:22
    at Presence (file
:///C:/Users/ukima/Do
cuments/sofukou/kojan
-map/frontend/node_mo
dules/@radix-ui/react
-presence/dist/index.
mjs:19:11)
    at Provider (file
:///C:/Users/ukima/Do
cuments/sofukou/kojan
-map/frontend/node_mo
dules/@radix-ui/react
-context/dist/index.m
js:27:15)
    at DialogPortal (
file:///C:/Users/ukim
a/Documents/sofukou/k
ojan-map/frontend/nod
e_modules/@radix-ui/r
eact-dialog/dist/inde
x.mjs:85:11)
    at DialogPortal (
C:/Users/ukima/Docume
nts/sofukou/kojan-map
/frontend/src/compone
nts/ui/dialog.tsx:37:
28)
    at DialogContent 
(C:/Users/ukima/Docum
ents/sofukou/kojan-ma
p/frontend/src/compon
ents/ui/dialog.tsx:70
:26)
    at Provider (file
:///C:/Users/ukima/Do
cuments/sofukou/kojan
-map/frontend/node_mo
dules/@radix-ui/react
-context/dist/index.m
js:27:15)
    at Dialog (file:/
//C:/Users/ukima/Docu
ments/sofukou/kojan-m
ap/frontend/node_modu
les/@radix-ui/react-d
ialog/dist/index.mjs:
25:5)
    at Dialog (C:/Use
rs/ukima/Documents/so
fukou/kojan-map/front
end/src/components/ui
/dialog.tsx:17:22)
    at DisplayPostLis
t (C:/Users/ukima/Doc
uments/sofukou/kojan-
map/frontend/src/comp
onents/DisplayPostLis
t.tsx:14:28)
Warning: An update to
 Presence inside a te
st was not wrapped in
 act(...).

When testing, code th
at causes React state
 updates should be wr
apped into act(...):

act(() => {
  /* fire events that
 update state */
});
/* assert on the outp
ut */

This ensures that you
're testing the behav
ior the user would se
e in the browser. Lea
rn more at https://re
actjs.org/link/wrap-t
ests-with-act
    at Presence (file
:///C:/Users/ukima/Do
cuments/sofukou/kojan
-map/frontend/node_mo
dules/@radix-ui/react
-presence/dist/index.
mjs:19:11)
    at Provider (file
:///C:/Users/ukima/Do
cuments/sofukou/kojan
-map/frontend/node_mo
dules/@radix-ui/react
-context/dist/index.m
js:27:15)
    at DialogPortal (
file:///C:/Users/ukim
a/Documents/sofukou/k
ojan-map/frontend/nod
e_modules/@radix-ui/r
eact-dialog/dist/inde
x.mjs:85:11)
    at DialogPortal (
C:/Users/ukima/Docume
nts/sofukou/kojan-map
/frontend/src/compone
nts/ui/dialog.tsx:37:
28)
    at DialogContent 
(C:/Users/ukima/Docum
ents/sofukou/kojan-ma
p/frontend/src/compon
ents/ui/dialog.tsx:70
:26)
    at Provider (file
:///C:/Users/ukima/Do
cuments/sofukou/kojan
-map/frontend/node_mo
dules/@radix-ui/react
-context/dist/index.m
js:27:15)
    at Dialog (file:/
//C:/Users/ukima/Docu
ments/sofukou/kojan-m
ap/frontend/node_modu
les/@radix-ui/react-d
ialog/dist/index.mjs:
25:5)
    at Dialog (C:/Use
rs/ukima/Documents/so
fukou/kojan-map/front
end/src/components/ui
/dialog.tsx:17:22)
    at DisplayPostLis
t (C:/Users/ukima/Doc
uments/sofukou/kojan-
map/frontend/src/comp
onents/DisplayPostLis
t.tsx:14:28)
Warning: An update to
 FocusScope inside a 
test was not wrapped 
in act(...).

When testing, code th
at causes React state
 updates should be wr
apped into act(...):

act(() => {
  /* fire events that
 update state */
});
/* assert on the outp
ut */

This ensures that you
're testing the behav
ior the user would se
e in the browser. Lea
rn more at https://re
actjs.org/link/wrap-t
ests-with-act
    at file:///C:/Use
rs/ukima/Documents/so
fukou/kojan-map/front
end/node_modules/@rad
ix-ui/react-focus-sco
pe/dist/index.mjs:15:
5
    at file:///C:/Use
rs/ukima/Documents/so
fukou/kojan-map/front
end/node_modules/@rad
ix-ui/react-dialog/di
st/index.mjs:206:13
    at file:///C:/Use
rs/ukima/Documents/so
fukou/kojan-map/front
end/node_modules/@rad
ix-ui/react-dialog/di
st/index.mjs:132:58
    at Presence (file
:///C:/Users/ukima/Do
cuments/sofukou/kojan
-map/frontend/node_mo
dules/@radix-ui/react
-presence/dist/index.
mjs:19:11)
    at file:///C:/Use
rs/ukima/Documents/so
fukou/kojan-map/front
end/node_modules/@rad
ix-ui/react-dialog/di
st/index.mjs:123:64
    at file:///C:/Use
rs/ukima/Documents/so
fukou/kojan-map/front
end/node_modules/@rad
ix-ui/react-primitive
/node_modules/@radix-
ui/react-slot/dist/in
dex.mjs:33:13
    at file:///C:/Use
rs/ukima/Documents/so
fukou/kojan-map/front
end/node_modules/@rad
ix-ui/react-primitive
/node_modules/@radix-
ui/react-slot/dist/in
dex.mjs:9:13
    at file:///C:/Use
rs/ukima/Documents/so
fukou/kojan-map/front
end/node_modules/@rad
ix-ui/react-primitive
/dist/index.mjs:28:13
    at file:///C:/Use
rs/ukima/Documents/so
fukou/kojan-map/front
end/node_modules/@rad
ix-ui/react-portal/di
st/index.mjs:11:22
    at Presence (file
:///C:/Users/ukima/Do
cuments/sofukou/kojan
-map/frontend/node_mo
dules/@radix-ui/react
-presence/dist/index.
mjs:19:11)
    at Provider (file
:///C:/Users/ukima/Do
cuments/sofukou/kojan
-map/frontend/node_mo
dules/@radix-ui/react
-context/dist/index.m
js:27:15)
    at DialogPortal (
file:///C:/Users/ukim
a/Documents/sofukou/k
ojan-map/frontend/nod
e_modules/@radix-ui/r
eact-dialog/dist/inde
x.mjs:85:11)
    at DialogPortal (
C:/Users/ukima/Docume
nts/sofukou/kojan-map
/frontend/src/compone
nts/ui/dialog.tsx:37:
28)
    at DialogContent 
(C:/Users/ukima/Docum
ents/sofukou/kojan-ma
p/frontend/src/compon
ents/ui/dialog.tsx:70
:26)
    at Provider (file
:///C:/Users/ukima/Do
cuments/sofukou/kojan
-map/frontend/node_mo
dules/@radix-ui/react
-context/dist/index.m
js:27:15)
    at Dialog (file:/
//C:/Users/ukima/Docu
ments/sofukou/kojan-m
ap/frontend/node_modu
les/@radix-ui/react-d
ialog/dist/index.mjs:
25:5)
    at Dialog (C:/Use
rs/ukima/Documents/so
fukou/kojan-map/front
end/src/components/ui
/dialog.tsx:17:22)
    at DisplayPostLis
t (C:/Users/ukima/Doc
uments/sofukou/kojan-
map/frontend/src/comp
onents/DisplayPostLis
t.tsx:14:28)
Warning: An update to
 Presence inside a te
st was not wrapped in
 act(...).

When testing, code th
at causes React state
 updates should be wr
apped into act(...):

act(() => {
  /* fire events that
 update state */
});
/* assert on the outp
ut */

This ensures that you
're testing the behav
ior the user would se
e in the browser. Lea
rn more at https://re
actjs.org/link/wrap-t
ests-with-act
    at Presence (file
:///C:/Users/ukima/Do
cuments/sofukou/kojan
-map/frontend/node_mo
dules/@radix-ui/react
-presence/dist/index.
mjs:19:11)
    at file:///C:/Use
rs/ukima/Documents/so
fukou/kojan-map/front
end/node_modules/@rad
ix-ui/react-dialog/di
st/index.mjs:123:64
    at file:///C:/Use
rs/ukima/Documents/so
fukou/kojan-map/front
end/node_modules/@rad
ix-ui/react-primitive
/node_modules/@radix-
ui/react-slot/dist/in
dex.mjs:33:13
    at file:///C:/Use
rs/ukima/Documents/so
fukou/kojan-map/front
end/node_modules/@rad
ix-ui/react-primitive
/node_modules/@radix-
ui/react-slot/dist/in
dex.mjs:9:13
    at file:///C:/Use
rs/ukima/Documents/so
fukou/kojan-map/front
end/node_modules/@rad
ix-ui/react-primitive
/dist/index.mjs:28:13
    at file:///C:/Use
rs/ukima/Documents/so
fukou/kojan-map/front
end/node_modules/@rad
ix-ui/react-portal/di
st/index.mjs:11:22
    at Presence (file
:///C:/Users/ukima/Do
cuments/sofukou/kojan
-map/frontend/node_mo
dules/@radix-ui/react
-presence/dist/index.
mjs:19:11)
    at Provider (file
:///C:/Users/ukima/Do
cuments/sofukou/kojan
-map/frontend/node_mo
dules/@radix-ui/react
-context/dist/index.m
js:27:15)
    at DialogPortal (
file:///C:/Users/ukim
a/Documents/sofukou/k
ojan-map/frontend/nod
e_modules/@radix-ui/r
eact-dialog/dist/inde
x.mjs:85:11)
    at DialogPortal (
C:/Users/ukima/Docume
nts/sofukou/kojan-map
/frontend/src/compone
nts/ui/dialog.tsx:37:
28)
    at DialogContent 
(C:/Users/ukima/Docum
ents/sofukou/kojan-ma
p/frontend/src/compon
ents/ui/dialog.tsx:70
:26)
    at Provider (file
:///C:/Users/ukima/Do
cuments/sofukou/kojan
-map/frontend/node_mo
dules/@radix-ui/react
-context/dist/index.m
js:27:15)
    at Dialog (file:/
//C:/Users/ukima/Docu
ments/sofukou/kojan-m
ap/frontend/node_modu
les/@radix-ui/react-d
ialog/dist/index.mjs:
25:5)
    at Dialog (C:/Use
rs/ukima/Documents/so
fukou/kojan-map/front
end/src/components/ui
/dialog.tsx:17:22)
    at DisplayPostLis
t (C:/Users/ukima/Doc
uments/sofukou/kojan-
map/frontend/src/comp
onents/DisplayPostLis
t.tsx:14:28)
Warning: An update to
 Presence inside a te
st was not wrapped in
 act(...).

When testing, code th
at causes React state
 updates should be wr
apped into act(...):

act(() => {
 [32m✓[39m src/__tests__/ContactModal.test.tsx [2m([22m[2m6 tests[22m[2m)[22m[33m 2103[2mms[22m[39m
     [33m[2m✓[22m[39m 初期表示が正しいこと [33m 928[2mms[22m[39m
     [33m[2m✓[22m[39m APIエラー時にエラートーストを表示すること [33m 351[2mms[22m[39m
  /* fire events that
 update state */
});
/* assert on the outp
ut */

This ensures that you
're testing the behav
ior the user would se
e in the browser. Lea
rn more at https://re
actjs.org/link/wrap-t
ests-with-act
    at Presence (file
:///C:/Users/ukima/Do
cuments/sofukou/kojan
-map/frontend/node_mo
dules/@radix-ui/react
-presence/dist/index.
mjs:19:11)
    at Provider (file
:///C:/Users/ukima/Do
cuments/sofukou/kojan
-map/frontend/node_mo
dules/@radix-ui/react
-context/dist/index.m
js:27:15)
    at DialogPortal (
file:///C:/Users/ukim
a/Documents/sofukou/k
ojan-map/frontend/nod
e_modules/@radix-ui/r
eact-dialog/dist/inde
x.mjs:85:11)
    at DialogPortal (
C:/Users/ukima/Docume
nts/sofukou/kojan-map
/frontend/src/compone
nts/ui/dialog.tsx:37:
28)
    at DialogContent 
(C:/Users/ukima/Docum
ents/sofukou/kojan-ma
p/frontend/src/compon
ents/ui/dialog.tsx:70
:26)
    at Provider (file
:///C:/Users/ukima/Do
cuments/sofukou/kojan
-map/frontend/node_mo
dules/@radix-ui/react
-context/dist/index.m
js:27:15)
    at Dialog (file:/
//C:/Users/ukima/Docu
ments/sofukou/kojan-m
ap/frontend/node_modu
les/@radix-ui/react-d
ialog/dist/index.mjs:
25:5)
    at Dialog (C:/Use
rs/ukima/Documents/so
fukou/kojan-map/front
end/src/components/ui
/dialog.tsx:17:22)
    at DisplayPostLis
t (C:/Users/ukima/Doc
uments/sofukou/kojan-
map/frontend/src/comp
onents/DisplayPostLis
t.tsx:14:28)
Warning: An update to
 DismissableLayer ins
ide a test was not wr
apped in act(...).

When testing, code th
at causes React state
 updates should be wr
apped into act(...):

act(() => {
  /* fire events that
 update state */
});
/* assert on the outp
ut */

This ensures that you
're testing the behav
ior the user would se
e in the browser. Lea
rn more at https://re
actjs.org/link/wrap-t
ests-with-act
    at file:///C:/Use
rs/ukima/Documents/so
fukou/kojan-map/front
end/node_modules/@rad
ix-ui/react-dismissab
le-layer/dist/index.m
js:24:7
    at file:///C:/Use
rs/ukima/Documents/so
fukou/kojan-map/front
end/node_modules/@rad
ix-ui/react-primitive
/node_modules/@radix-
ui/react-slot/dist/in
dex.mjs:33:13
    at file:///C:/Use
rs/ukima/Documents/so
fukou/kojan-map/front
end/node_modules/@rad
ix-ui/react-primitive
/node_modules/@radix-
ui/react-slot/dist/in
dex.mjs:9:13
    at file:///C:/Use
rs/ukima/Documents/so
fukou/kojan-map/front
end/node_modules/@rad
ix-ui/react-primitive
/dist/index.mjs:28:13
    at file:///C:/Use
rs/ukima/Documents/so
fukou/kojan-map/front
end/node_modules/@rad
ix-ui/react-focus-sco
pe/dist/index.mjs:15:
5
    at file:///C:/Use
rs/ukima/Documents/so
fukou/kojan-map/front
end/node_modules/@rad
ix-ui/react-dialog/di
st/index.mjs:206:13
    at file:///C:/Use
rs/ukima/Documents/so
fukou/kojan-map/front
end/node_modules/@rad
ix-ui/react-dialog/di
st/index.mjs:132:58
    at Presence (file
:///C:/Users/ukima/Do
cuments/sofukou/kojan
-map/frontend/node_mo
dules/@radix-ui/react
-presence/dist/index.
mjs:19:11)
    at file:///C:/Use
rs/ukima/Documents/so
fukou/kojan-map/front
end/node_modules/@rad
ix-ui/react-dialog/di
st/index.mjs:123:64
    at file:///C:/Use
rs/ukima/Documents/so
fukou/kojan-map/front
end/node_modules/@rad
ix-ui/react-primitive
/node_modules/@radix-
ui/react-slot/dist/in
dex.mjs:33:13
    at file:///C:/Use
rs/ukima/Documents/so
fukou/kojan-map/front
end/node_modules/@rad
ix-ui/react-primitive
/node_modules/@radix-
ui/react-slot/dist/in
dex.mjs:9:13
    at file:///C:/Use
rs/ukima/Documents/so
fukou/kojan-map/front
end/node_modules/@rad
ix-ui/react-primitive
/dist/index.mjs:28:13
    at file:///C:/Use
rs/ukima/Documents/so
fukou/kojan-map/front
end/node_modules/@rad
ix-ui/react-portal/di
st/index.mjs:11:22
    at Presence (file
:///C:/Users/ukima/Do
cuments/sofukou/kojan
-map/frontend/node_mo
dules/@radix-ui/react
-presence/dist/index.
mjs:19:11)
    at Provider (file
:///C:/Users/ukima/Do
cuments/sofukou/kojan
-map/frontend/node_mo
dules/@radix-ui/react
-context/dist/index.m
js:27:15)
    at DialogPortal (
file:///C:/Users/ukim
a/Documents/sofukou/k
ojan-map/frontend/nod
e_modules/@radix-ui/r
eact-dialog/dist/inde
x.mjs:85:11)
    at DialogPortal (
C:/Users/ukima/Docume
nts/sofukou/kojan-map
/frontend/src/compone
nts/ui/dialog.tsx:37:
28)
    at DialogContent 
(C:/Users/ukima/Docum
ents/sofukou/kojan-ma
p/frontend/src/compon
ents/ui/dialog.tsx:70
:26)
    at Provider (file
:///C:/Users/ukima/Do
cuments/sofukou/kojan
-map/frontend/node_mo
dules/@radix-ui/react
-context/dist/index.m
js:27:15)
    at Dialog (file:/
//C:/Users/ukima/Docu
ments/sofukou/kojan-m
ap/frontend/node_modu
les/@radix-ui/react-d
ialog/dist/index.mjs:
25:5)
    at Dialog (C:/Use
rs/ukima/Documents/so
fukou/kojan-map/front
end/src/components/ui
/dialog.tsx:17:22)
    at DisplayPostLis
t (C:/Users/ukima/Doc
uments/sofukou/kojan-
map/frontend/src/comp
onents/DisplayPostLis
t.tsx:14:28)

 [32m✓[39m src/__tests__/DisplayPostList.test.tsx [2m([22m[2m3 tests[22m[2m)[22m[33m 1884[2mms[22m[39m
     [33m[2m✓[22m[39m 自分の投稿の場合、削除コンポーネントが表示され、通報ボタンが表示されないこと [33m 1272[2mms[22m[39m
     [33m[2m✓[22m[39m 通報ボタンをクリックすると、通報画面(ReportScreen)が表示されること [33m 318[2mms[22m[39m
[90mstdout[2m | src/__tests__/NewPostScreen.test.tsx[2m > [22m[2mNewPostScreen[2m > [22m[2m正しい入力で投稿ボタンを押すと、APIが呼ばれ onCreate が実行されること
[22m[39mPost created with ID: [33m999[39m

[90mstderr[2m | src
/__tests__/DeleteAcco
untScreen.test.tsx[2
m > [22m[2mDeleteAc
countScreen[2m > [2
2m[2mAPIエラー時にエラートースト
を表示し、削除ボタンを再有効化すること
[22m[39mWithdrawal 
error: Error: 退会処理に失敗
しました
    at handleDelete (
C:/Users/ukima/Docume
nts/sofukou/kojan-map
/frontend/src/compone
nts/DeleteAccountScre
en.tsx:77:15)

 [32m✓[39m src/__tests__/DeleteAccountScreen.test.tsx [2m([22m[2m5 tests[22m[2m)[22m[33m 2635[2mms[22m[39m
     [33m[2m✓[22m[39m 初期状態で削除ボタンが無効化されていること [33m 1097[2mms[22m[39m
     [33m[2m✓[22m[39m すべてのチェックボックスをオンにするとボタンが有効化されること [33m 360[2mms[22m[39m
     [33m[2m✓[22m[39m 削除キャンセル（confirmでいいえ）を選択した場合、APIが呼ばれないこと [33m 353[2mms[22m[39m
     [33m[2m✓[22m[39m API送信に成功したとき、成功メッセージを表示して onDeleteAccount を呼ぶこと [33m 317[2mms[22m[39m
     [33m[2m✓[22m[39m APIエラー時にエラートーストを表示し、削除ボタンを再有効化すること [33m 503[2mms[22m[39m
 [32m✓[39m src/__tests__/AdminDashboard.test.tsx [2m([22m[2m5 tests[22m[2m)[22m[33m 2644[2mms[22m[39m
     [33m[2m✓[22m[39m 初期表示で統計データが表示されること [33m 425[2mms[22m[39m
     [33m[2m✓[22m[39m サイドバーのタブをクリックして画面が切り替わること [33m 1076[2mms[22m[39m
     [33m[2m✓[22m[39m 通報の解決 (handleResolveReport) が正しく動作し、統計が更新されること [33m 509[2mms[22m[39m
     [33m[2m✓[22m[39m APIエラー時にエラーがログ出力されること [33m 330[2mms[22m[39m
 [32m✓[39m src/__tests__/NewPostScreen.test.tsx [2m([22m[2m4 tests[22m[2m)[22m[33m 3654[2mms[22m[39m
     [33m[2m✓[22m[39m フォームの初期項目が正しく表示されること [33m 2405[2mms[22m[39m
     [33m[2m✓[22m[39m タイトルが未入力の場合、バリデーションで止まること [33m 591[2mms[22m[39m
     [33m[2m✓[22m[39m 正しい入力で投稿ボタンを押すと、APIが呼ばれ onCreate が実行されること [33m 502[2mms[22m[39m
 [32m✓[39m src/__tests__/UserInputBusinessApplication.test.tsx [2m([22m[2m4 tests[22m[2m)[22m[33m 3471[2mms[22m[39m
     [33m[2m✓[22m[39m バリデーションエラー：不適切な電話番号でエラーが表示されること [33m 2024[2mms[22m[39m
     [33m[2m✓[22m[39m 申請成功：APIが呼ばれ、成功通知が出てフォームが閉じること [33m 1305[2mms[22m[39m
[90mstdout[2m | src/__tests__/SelectUnlock.test.tsx[2m > [22m[2mSelectUnlock[2m > [22m[2mブロック解除ボタンをクリックすると、正しいDELETEリクエストが送信されること
[22m[39m{ message: [32m'block removed'[39m }

[90mstdout[2m | src/__tests__/SelectUnlock.test.tsx[2m > [22m[2mSelectUnlock[2m > [22m[2mブロック解除成功時、状態が更新されトーストが表示されること
[22m[39m{ message: [32m'success'[39m }

[90mstderr[2m | src
/__tests__/SelectUnlo
ck.test.tsx[2m > [2
2m[2mSelectUnlock[2
m > [22m[2mAPIエラー時に
エラー通知が表示されること
[22m[39mError unblo
cking user: Error: ブロ
ック解除に失敗しました
    at handleUnblock 
(C:/Users/ukima/Docum
ents/sofukou/kojan-ma
p/frontend/src/compon
ents/SelectUnlock.tsx
:49:15)

 [32m✓[39m src/__tests__/SelectUnlock.test.tsx [2m([22m[2m4 tests[22m[2m)[22m[33m 1275[2mms[22m[39m
     [33m[2m✓[22m[39m ブロック解除ボタンをクリックすると、正しいDELETEリクエストが送信されること [33m 993[2mms[22m[39m
 [32m✓[39m src/__tests__/AdminReport.test.tsx [2m([22m[2m4 tests[22m[2m)[22m[33m 1221[2mms[22m[39m
     [33m[2m✓[22m[39m ボタンをクリックすると正しいIDでコールバックが呼ばれる [33m 990[2mms[22m[39m
 [32m✓[39m src/__tests__/ReportScreen.test.tsx [2m([22m[2m2 tests[22m[2m)[22m[33m 1303[2mms[22m[39m
     [33m[2m✓[22m[39m 初期状態では「通報」ボタンのみが表示されていること [33m 1045[2mms[22m[39m
 [32m✓[39m src/__tests__/UserDisplayMyPage.test.tsx [2m([22m[2m3 tests[22m[2m)[22m[33m 1604[2mms[22m[39m
     [33m[2m✓[22m[39m ユーザーの基本情報が正しく表示されていること [33m 886[2mms[22m[39m
     [33m[2m✓[22m[39m 事業者登録申請ボタンを押すとフォームが表示され、キャンセルで戻ること [33m 530[2mms[22m[39m
 [32m✓[39m src/__tests__/UserReactionViewScreen.test.tsx [2m([22m[2m5 tests[22m[2m)[22m[33m 717[2mms[22m[39m
     [33m[2m✓[22m[39m リアクションした投稿が正しく表示されること [33m 537[2mms[22m[39m
[90mstderr[2m | src
/__tests__/AdminSelec
tLogout.test.tsx[2m 
> [22m[2mAdminSelec
tLogout[2m > [22m[
2mAPIがエラーになってもトップページへ
遷移すること (finallyブロックの動
作)
[22m[39mError: Netw
ork Error
    at C:/Users/ukima
/Documents/sofukou/ko
jan-map/frontend/src/
__tests__/AdminSelect
Logout.test.tsx:43:42
    at [90mfile:///C
:/Users/ukima/Documen
ts/sofukou/kojan-map/
frontend/[39mnode_mo
dules/[4m@vitest[24
m/runner/dist/index.j
s:145:11
    at [90mfile:///C
:/Users/ukima/Documen
ts/sofukou/kojan-map/
frontend/[39mnode_mo
dules/[4m@vitest[24
m/runner/dist/index.j
s:915:26
    at [90mfile:///C
:/Users/ukima/Documen
ts/sofukou/kojan-map/
frontend/[39mnode_mo
dules/[4m@vitest[24
m/runner/dist/index.j
s:1243:20
    at new Promise (<
anonymous>)
    at runWithTimeout
 [90m(file:///C:/Use
rs/ukima/Documents/so
fukou/kojan-map/front
end/[39mnode_modules
/[4m@vitest[24m/run
ner/dist/index.js:120
9:10[90m)[39m
    at [90mfile:///C
:/Users/ukima/Documen
ts/sofukou/kojan-map/
frontend/[39mnode_mo
dules/[4m@vitest[24
m/runner/dist/index.j
s:1653:37
    at Traces.$ [90m
(file:///C:/Users/uki
ma/Documents/sofukou/
kojan-map/frontend/[
39mnode_modules/[4mv
itest[24m/dist/chunk
s/traces.CCmnQaNT.js:
142:27[90m)[39m
    at trace [90m(fi
le:///C:/Users/ukima/
Documents/sofukou/koj
an-map/frontend/[39m
node_modules/[4mvite
st[24m/dist/chunks/t
est.B8ej_ZHS.js:239:2
1[90m)[39m
    at runTest [90m(
file:///C:/Users/ukim
a/Documents/sofukou/k
ojan-map/frontend/[3
9mnode_modules/[4m@v
itest[24m/runner/dis
t/index.js:1653:12[9
0m)[39m

 [32m✓[39m src/__tests__/AdminSelectLogout.test.tsx [2m([22m[2m2 tests[22m[2m)[22m[33m 798[2mms[22m[39m
     [33m[2m✓[22m[39m ログアウトボタンをクリックするとAPIが呼ばれ、トップページへ遷移すること [33m 667[2mms[22m[39m
[90mstderr[2m | src
/__tests__/LogoutScre
en.test.tsx[2m > [2
2m[2mLogoutScreen[2
m > [22m[2mAPIエラーが発
生しても、最終的に onLogout が実
行されること
[22m[39mLogout erro
r: Error: サーバー側でのログアウ
トに失敗しました
    at handleLogout (
C:/Users/ukima/Docume
nts/sofukou/kojan-map
/frontend/src/compone
nts/LogoutScreen.tsx:
30:15)

 [32m✓[39m src/__tests__/AdminDisplayBusinessApplicationList.test.tsx [2m([22m[2m4 tests[22m[2m)[22m[33m 1307[2mms[22m[39m
     [33m[2m✓[22m[39m 承認ボタンをクリックすると、正しい requestId で onApprove が呼ばれること [33m 923[2mms[22m[39m
 [32m✓[39m src/__tests__/LogoutScreen.test.tsx [2m([22m[2m5 tests[22m[2m)[22m[33m 1353[2mms[22m[39m
     [33m[2m✓[22m[39m ログアウトボタンをクリックするとAPIが呼ばれ、成功時に onLogout が実行されること [33m 831[2mms[22m[39m
 [32m✓[39m src/__tests__/AdminUserManagement.test.tsx [2m([22m[2m4 tests[22m[2m)[22m[33m 1419[2mms[22m[39m
     [33m[2m✓[22m[39m 削除ボタンをクリックした際、確認ダイアログでOKを押すと onDeleteAccount が呼ばれること [33m 966[2mms[22m[39m
 [32m✓[39m src/__tests__/SelectUserSetting.test.tsx [2m([22m[2m3 tests[22m[2m)[22m[33m 694[2mms[22m[39m
     [33m[2m✓[22m[39m 「アカウント削除画面へ」ボタンをクリックするとナビゲーション関数が呼ばれること [33m 535[2mms[22m[39m
 [32m✓[39m src/__tests__/AdminContactManagement.test.tsx [2m([22m[2m6 tests[22m[2m)[22m[33m 1011[2mms[22m[39m
     [33m[2m✓[22m[39m 「未対応のみ」の絞り込みが機能すること [33m 565[2mms[22m[39m
[90mstdout[2m | src/__tests__/GetLocation.test.tsx[2m > [22m[2mGetLocation[2m > [22m[2mダブルクリックしたときに、座標が小数点4桁で丸められて呼ばれること
[22m[39mRounded Location: 35.1235, 135.9877

 [32m✓[39m src/__tests__/GetLocation.test.tsx [2m([22m[2m2 tests[22m[2m)[22m[32m 36[2mms[22m[39m
 [32m✓[39m src/__tests__/DisplayUserSetting.test.tsx [2m([22m[2m4 tests[22m[2m)[22m[33m 397[2mms[22m[39m
     [33m[2m✓[22m[39m 子要素（children）が正しくレンダリングされること [33m 304[2mms[22m[39m
 [32m✓[39m src/__tests__/DisplayPostHistory.test.tsx [2m([22m[2m4 tests[22m[2m)[22m[33m 454[2mms[22m[39m
     [33m[2m✓[22m[39m 投稿内容とDBから取得したジャンル情報が正しく表示されること [33m 381[2mms[22m[39m
 [32m✓[39m src/__tests__/MapViewScreen.test.tsx [2m([22m[2m5 tests[22m[2m)[22m[33m 375[2mms[22m[39m
[90mstderr[2m | src
/__tests__/SelectPost
History.test.tsx[2m 
> [22m[2mSelectPost
History[2m > [22m[
2m削除ボタン（onDelete）が呼ばれ
ると、リストから該当する投稿が消えること
[22m[39mWarning: An
 update to SelectPost
History inside a test
 was not wrapped in a
ct(...).

When testing, code th
at causes React state
 updates should be wr
apped into act(...):

act(() => {
  /* fire events that
 update state */
});
/* assert on the outp
ut */

This ensures that you
're testing the behav
ior the user would se
e in the browser. Lea
rn more at https://re
actjs.org/link/wrap-t
ests-with-act
    at SelectPostHist
ory (C:/Users/ukima/D
ocuments/sofukou/koja
n-map/frontend/src/co
mponents/SelectPostHi
story.tsx:10:30)

 [32m✓[39m src/__tests__/SelectPostHistory.test.tsx [2m([22m[2m4 tests[22m[2m)[22m[32m 206[2mms[22m[39m

[31m⎯⎯⎯⎯⎯⎯⎯[39m[1m
[41m Failed Tests 2 
[49m[22m[31m⎯⎯⎯⎯⎯⎯
⎯[39m

[41m[1m FAIL [22m
[49m src/__tests__/Us
erBlockViewScreen.tes
t.tsx[2m > [22mUser
BlockViewScreen[2m >
 [22m初期レンダリング時にローディン
グが表示され、APIが呼ばれること
[31m[1mAssertionErr
or[22m: expected "vi
.fn()" to be called w
ith arguments: [ …(2)
 ][90m

Received: 

[1m  1st vi.fn() cal
l:

[22m[2m  [[22m
[32m-   "http://127.
0.0.1:8080/api/users/
block/list?googleId=m
y-google-id",[90m
[32m-   Anything,[9
0m
[31m+   "/api/users/
block/list?googleId=m
y-google-id",[90m
[31m+   {[90m
[31m+     "headers":
 {[90m
[31m+       "Authori
zation": "",[90m
[31m+       "Content
-Type": "application/
json",[90m
[31m+     },[90m
[31m+   },[90m
[2m  ][22m
[31m[90m

Number of calls: [1m
1[22m
[31m

Ignored nodes: commen
ts, script, style
[36m<html>[31m
  [36m<head />[31m
  [36m<body>[31m
    [36m<div>[31m
      [36m<div[31m
        [33mclass[3
1m=[32m"space-y-4"[
31m
      [36m>[31m
        [36m<div>[3
1m
          [36m<h2>[
31m
            [0mブロックリ
スト[0m
          [36m</h2>
[31m
          [36m<p[31
m
            [33mclas
s[31m=[32m"text-gra
y-500 text-sm"[31m
          [36m>[31m
            [0mブロックし
たユーザーはいません[0m
          [36m</p>[
31m
        [36m</div>[
31m
      [36m</div>[31
m
    [36m</div>[31m
  [36m</body>[31m
[36m</html>[31m[39
m
[36m [2m❯[22m src/
__tests__/UserBlockVi
ewScreen.test.tsx:[2
m58:30[22m[39m
    [90m 56| [39m
    [90m 57| [39m  
  [35mawait[39m [3
4mwaitFor[39m(() [3
3m=>[39m {
    [90m 58| [39m  
    [34mexpect[39m(
[34mgetFetchMock[39
m())[33m.[39m[34mt
oHaveBeenCalledWith[
39m(
    [90m   | [39m  
                     
      [31m^[39m
    [90m 59| [39m  
      `${TEST_API_URL
}/api/users/block/lis
t?googleId=${mockUser
.goog…
    [90m 60| [39m  
      expect[33m.[3
9m[34manything[39m(
)
[90m [2m❯[22m runW
ithExpensiveErrorDiag
nosticsDisabled node_
modules/@testing-libr
ary/dom/dist/config.j
s:[2m47:12[22m[39m
[90m [2m❯[22m chec
kCallback node_module
s/@testing-library/do
m/dist/wait-for.js:[
2m124:77[22m[39m
[90m [2m❯[22m Time
out.checkRealTimersCa
llback node_modules/@
testing-library/dom/d
ist/wait-for.js:[2m1
18:16[22m[39m

[31m[2m⎯⎯⎯⎯⎯⎯⎯⎯⎯⎯⎯⎯
⎯⎯⎯⎯⎯⎯⎯⎯⎯⎯⎯⎯[1/2]⎯[2
2m[39m

[41m[1m FAIL [22m
[49m src/__tests__/Us
erTriggerReaction.tes
t.tsx[2m > [22mUser
TriggerReaction[2m >
 [22mクリックすると POST リク
エストを送り、成功時に onReactio
n が呼ばれること
[31m[1mAssertionErr
or[22m: expected "vi
.fn()" to be called w
ith arguments: [ …(2)
 ][90m

Received: 

[1m  1st vi.fn() cal
l:

[22m[33m@@ -1,8 +1,
8 @@[90m
[2m  [[22m
[32m-   "http://127.
0.0.1:8080/api/posts/
reaction",[90m
[32m-   ObjectContai
ning {[90m
[31m+   "http://loca
lhost:8080/api/posts/
reaction",[90m
[31m+   {[90m
[2m      "body": "{\
"postId\":101}",[22m
[2m      "headers": 
{[22m
[2m        "Authoriz
ation": "Bearer mock-
token",[22m
[2m        "Content-
Type": "application/j
son",[22m
[2m      },[22m
[31m[90m

Number of calls: [1m
1[22m
[31m[39m
[36m [2m❯[22m src/
__tests__/UserTrigger
Reaction.test.tsx:[2
m54:26[22m[39m

    [90m 52| [39m
    [90m 53| [39m  
  [90m// API呼び出しの検証 
(POST)[39m
    [90m 54| [39m  
  [34mexpect[39m(gl
obal[33m.[39mfetch)
[33m.[39m[34mtoHav
eBeenCalledWith[39m(
    [90m   | [39m  
                     
  [31m^[39m
    [90m 55| [39m  
    [32m`[39m[36m$
{[39m[33mTEST_API_U
RL[39m[36m}[39m[3
2m/api/posts/reaction
`[39m[33m,[39m
    [90m 56| [39m  
    expect[33m.[39m
[34mobjectContaining
[39m({

[31m[2m⎯⎯⎯⎯⎯⎯⎯⎯⎯⎯⎯⎯
⎯⎯⎯⎯⎯⎯⎯⎯⎯⎯⎯⎯[2/2]⎯[2
2m[39m

[2m Test Files [22m [1m[31m2 failed[39m[22m[2m | [22m[1m[32m25 passed[39m[22m[90m (27)[39m
[2m      Tests [22m [1m[31m2 failed[39m[22m[2m | [22m[1m[32m106 passed[39m[22m[90m (108)[39m
[2m   Start at [22m 03:07:01
[2m   Duration [22m 16.70s[2m (transform 4.71s, setup 9.91s, import 27.77s, tests 39.03s, environment 68.28s)[22m

