?   	kojan-map	[no test files]
=== RUN   TestAdminBusinessHandler_GetApplications
=== RUN   TestAdminBusinessHandler_GetApplications/returns_200_OK_with_applications_list
--- PASS: TestAdminBusinessHandler_GetApplications (0.00s)
    --- PASS: TestAdminBusinessHandler_GetApplications/returns_200_OK_with_applications_list (0.00s)
=== RUN   TestAdminBusinessHandler_ApproveApplication
=== RUN   TestAdminBusinessHandler_ApproveApplication/returns_400_for_invalid_application_ID
=== RUN   TestAdminBusinessHandler_ApproveApplication/returns_200_for_valid_application_ID
--- PASS: TestAdminBusinessHandler_ApproveApplication (0.00s)
    --- PASS: TestAdminBusinessHandler_ApproveApplication/returns_400_for_invalid_application_ID (0.00s)
    --- PASS: TestAdminBusinessHandler_ApproveApplication/returns_200_for_valid_application_ID (0.00s)
=== RUN   TestAdminBusinessHandler_RejectApplication
=== RUN   TestAdminBusinessHandler_RejectApplication/returns_200_for_valid_rejection
--- PASS: TestAdminBusinessHandler_RejectApplication (0.00s)
    --- PASS: TestAdminBusinessHandler_RejectApplication/returns_200_for_valid_rejection (0.00s)
=== RUN   TestAdminContactHandler_GetInquiries
=== RUN   TestAdminContactHandler_GetInquiries/returns_200_OK_with_inquiries_list
--- PASS: TestAdminContactHandler_GetInquiries (0.00s)
    --- PASS: TestAdminContactHandler_GetInquiries/returns_200_OK_with_inquiries_list (0.00s)
=== RUN   TestAdminContactHandler_ApproveInquiry
=== RUN   TestAdminContactHandler_ApproveInquiry/returns_400_for_invalid_request_ID
=== RUN   TestAdminContactHandler_ApproveInquiry/returns_200_for_valid_request_ID
--- PASS: TestAdminContactHandler_ApproveInquiry (0.00s)
    --- PASS: TestAdminContactHandler_ApproveInquiry/returns_400_for_invalid_request_ID (0.00s)
    --- PASS: TestAdminContactHandler_ApproveInquiry/returns_200_for_valid_request_ID (0.00s)
=== RUN   TestAdminContactHandler_RejectInquiry
=== RUN   TestAdminContactHandler_RejectInquiry/returns_200_for_valid_rejection
--- PASS: TestAdminContactHandler_RejectInquiry (0.00s)
    --- PASS: TestAdminContactHandler_RejectInquiry/returns_200_for_valid_rejection (0.00s)
=== RUN   TestAdminDashboardHandler_GetSummary
=== RUN   TestAdminDashboardHandler_GetSummary/returns_200_OK_for_valid_request
--- PASS: TestAdminDashboardHandler_GetSummary (0.00s)
    --- PASS: TestAdminDashboardHandler_GetSummary/returns_200_OK_for_valid_request (0.00s)
=== RUN   TestAdminReportHandler_GetReports
=== RUN   TestAdminReportHandler_GetReports/returns_200_OK_with_default_pagination
=== RUN   TestAdminReportHandler_GetReports/accepts_handled_filter_parameter
--- PASS: TestAdminReportHandler_GetReports (0.00s)
    --- PASS: TestAdminReportHandler_GetReports/returns_200_OK_with_default_pagination (0.00s)
    --- PASS: TestAdminReportHandler_GetReports/accepts_handled_filter_parameter (0.00s)
=== RUN   TestAdminReportHandler_HandleReport
=== RUN   TestAdminReportHandler_HandleReport/returns_400_for_invalid_report_ID
=== RUN   TestAdminReportHandler_HandleReport/returns_200_for_valid_report_ID
--- PASS: TestAdminReportHandler_HandleReport (0.00s)
    --- PASS: TestAdminReportHandler_HandleReport/returns_400_for_invalid_report_ID (0.00s)
    --- PASS: TestAdminReportHandler_HandleReport/returns_200_for_valid_report_ID (0.00s)
=== RUN   TestAdminUserHandler_GetUsers
=== RUN   TestAdminUserHandler_GetUsers/returns_200_OK_with_user_list
=== RUN   TestAdminUserHandler_GetUsers/accepts_pagination_parameters
--- PASS: TestAdminUserHandler_GetUsers (0.00s)
    --- PASS: TestAdminUserHandler_GetUsers/returns_200_OK_with_user_list (0.00s)
    --- PASS: TestAdminUserHandler_GetUsers/accepts_pagination_parameters (0.00s)
=== RUN   TestAdminUserHandler_DeleteUser
=== RUN   TestAdminUserHandler_DeleteUser/returns_400_for_empty_user_ID
=== RUN   TestAdminUserHandler_DeleteUser/returns_200_for_valid_user_ID
--- PASS: TestAdminUserHandler_DeleteUser (0.00s)
    --- PASS: TestAdminUserHandler_DeleteUser/returns_400_for_empty_user_ID (0.00s)
    --- PASS: TestAdminUserHandler_DeleteUser/returns_200_for_valid_user_ID (0.00s)
PASS
ok  	kojan-map/admin/handler	0.934s
?   	kojan-map/admin/repository	[no test files]
=== RUN   TestAdminBusinessService_ApproveApplication
=== RUN   TestAdminBusinessService_ApproveApplication/rejects_already_processed_application
=== RUN   TestAdminBusinessService_ApproveApplication/accepts_pending_application
--- PASS: TestAdminBusinessService_ApproveApplication (0.00s)
    --- PASS: TestAdminBusinessService_ApproveApplication/rejects_already_processed_application (0.00s)
    --- PASS: TestAdminBusinessService_ApproveApplication/accepts_pending_application (0.00s)
=== RUN   TestAdminBusinessService_RejectApplication
=== RUN   TestAdminBusinessService_RejectApplication/rejects_already_processed_application
--- PASS: TestAdminBusinessService_RejectApplication (0.00s)
    --- PASS: TestAdminBusinessService_RejectApplication/rejects_already_processed_application (0.00s)
=== RUN   TestBusinessApplicationResponse
=== RUN   TestBusinessApplicationResponse/formats_response_correctly
--- PASS: TestBusinessApplicationResponse (0.00s)
    --- PASS: TestBusinessApplicationResponse/formats_response_correctly (0.00s)
=== RUN   TestAdminContactService_ApproveInquiry
=== RUN   TestAdminContactService_ApproveInquiry/prevents_double_approval
=== RUN   TestAdminContactService_ApproveInquiry/allows_approving_unhandled_inquiry
--- PASS: TestAdminContactService_ApproveInquiry (0.00s)
    --- PASS: TestAdminContactService_ApproveInquiry/prevents_double_approval (0.00s)
    --- PASS: TestAdminContactService_ApproveInquiry/allows_approving_unhandled_inquiry (0.00s)
=== RUN   TestAdminContactService_RejectInquiry
=== RUN   TestAdminContactService_RejectInquiry/validates_inquiry_exists
=== RUN   TestAdminContactService_RejectInquiry/accepts_valid_inquiry_ID
--- PASS: TestAdminContactService_RejectInquiry (0.00s)
    --- PASS: TestAdminContactService_RejectInquiry/validates_inquiry_exists (0.00s)
    --- PASS: TestAdminContactService_RejectInquiry/accepts_valid_inquiry_ID (0.00s)
=== RUN   TestAdminContactService_GetInquiries
=== RUN   TestAdminContactService_GetInquiries/returns_empty_list_when_no_inquiries
--- PASS: TestAdminContactService_GetInquiries (0.00s)
    --- PASS: TestAdminContactService_GetInquiries/returns_empty_list_when_no_inquiries (0.00s)
=== RUN   TestAdminDashboardService_GetSummary
=== RUN   TestAdminDashboardService_GetSummary/returns_correct_summary_data
--- PASS: TestAdminDashboardService_GetSummary (0.00s)
    --- PASS: TestAdminDashboardService_GetSummary/returns_correct_summary_data (0.00s)
=== RUN   TestAdminReportService_GetReports
=== RUN   TestAdminReportService_GetReports/returns_paginated_results_with_default_values
=== RUN   TestAdminReportService_GetReports/enforces_max_page_size
=== RUN   TestAdminReportService_GetReports/accepts_valid_page_size
--- PASS: TestAdminReportService_GetReports (0.00s)
    --- PASS: TestAdminReportService_GetReports/returns_paginated_results_with_default_values (0.00s)
    --- PASS: TestAdminReportService_GetReports/enforces_max_page_size (0.00s)
    --- PASS: TestAdminReportService_GetReports/accepts_valid_page_size (0.00s)
=== RUN   TestAdminReportService_MarkAsHandled
=== RUN   TestAdminReportService_MarkAsHandled/validates_report_exists_before_marking
=== RUN   TestAdminReportService_MarkAsHandled/prevents_double_handling
--- PASS: TestAdminReportService_MarkAsHandled (0.00s)
    --- PASS: TestAdminReportService_MarkAsHandled/validates_report_exists_before_marking (0.00s)
    --- PASS: TestAdminReportService_MarkAsHandled/prevents_double_handling (0.00s)
=== RUN   TestAdminUserService_GetUsers
=== RUN   TestAdminUserService_GetUsers/returns_paginated_results_with_defaults
--- PASS: TestAdminUserService_GetUsers (0.00s)
    --- PASS: TestAdminUserService_GetUsers/returns_paginated_results_with_defaults (0.00s)
=== RUN   TestAdminUserService_DeleteUser
=== RUN   TestAdminUserService_DeleteUser/prevents_deleting_admin_users
=== RUN   TestAdminUserService_DeleteUser/allows_deleting_regular_users
=== RUN   TestAdminUserService_DeleteUser/prevents_double_deletion
--- PASS: TestAdminUserService_DeleteUser (0.00s)
    --- PASS: TestAdminUserService_DeleteUser/prevents_deleting_admin_users (0.00s)
    --- PASS: TestAdminUserService_DeleteUser/allows_deleting_regular_users (0.00s)
    --- PASS: TestAdminUserService_DeleteUser/prevents_double_deletion (0.00s)
=== RUN   TestUserListResponse
=== RUN   TestUserListResponse/formats_response_correctly
--- PASS: TestUserListResponse (0.00s)
    --- PASS: TestUserListResponse/formats_response_correctly (0.00s)
PASS
ok  	kojan-map/admin/service	0.731s
?   	kojan-map/router	[no test files]
?   	kojan-map/shared/config	[no test files]
?   	kojan-map/shared/middleware	[no test files]
?   	kojan-map/shared/models	[no test files]
?   	kojan-map/shared/repository	[no test files]
?   	kojan-map/user/config	[no test files]
?   	kojan-map/user/handlers	[no test files]
?   	kojan-map/user/middleware	[no test files]
?   	kojan-map/user/migrations	[no test files]
?   	kojan-map/user/models	[no test files]
=== RUN   TestBlockService_BlockUser

2026/01/19 23:44:47 [31;1mC:/Users/ukima/Documents/sofukou/kojan-map/backend/user/services/other_service.go:26 [35;1mrecord not found
[0m[33m[0.527ms] [34;1m[rows:0][0m SELECT * FROM `user_blocks` WHERE (blockerId = "blocker123" AND blockedId = "blocked456") AND `user_blocks`.`deletedAt` IS NULL ORDER BY `user_blocks`.`blockId` LIMIT 1
--- PASS: TestBlockService_BlockUser (0.04s)
=== RUN   TestBlockService_BlockUser_SelfBlock
--- PASS: TestBlockService_BlockUser_SelfBlock (0.00s)
=== RUN   TestBlockService_BlockUser_Duplicate
--- PASS: TestBlockService_BlockUser_Duplicate (0.00s)
=== RUN   TestBlockService_UnblockUser

2026/01/19 23:44:47 [31;1mC:/Users/ukima/Documents/sofukou/kojan-map/backend/user/services/other_service_test.go:90 [35;1mrecord not found
[0m[33m[0.000ms] [34;1m[rows:0][0m SELECT * FROM `user_blocks` WHERE (blockerId = "blocker123" AND blockedId = "blocked456") AND `user_blocks`.`deletedAt` IS NULL ORDER BY `user_blocks`.`blockId` LIMIT 1
--- PASS: TestBlockService_UnblockUser (0.00s)
=== RUN   TestBlockService_UnblockUser_NotFound
--- PASS: TestBlockService_UnblockUser_NotFound (0.00s)
=== RUN   TestBlockService_GetBlockList
--- PASS: TestBlockService_GetBlockList (0.00s)
=== RUN   TestReportService_CreateReport
--- PASS: TestReportService_CreateReport (0.00s)
=== RUN   TestReportService_CreateReport_ValidationError
--- PASS: TestReportService_CreateReport_ValidationError (0.00s)
=== RUN   TestContactService_CreateContact
--- PASS: TestContactService_CreateContact (0.00s)
=== RUN   TestContactService_CreateContact_ValidationError
--- PASS: TestContactService_CreateContact_ValidationError (0.00s)
=== RUN   TestBusinessApplicationService_CreateApplication
--- PASS: TestBusinessApplicationService_CreateApplication (0.00s)
=== RUN   TestBusinessApplicationService_CreateApplication_ValidationError
--- PASS: TestBusinessApplicationService_CreateApplication_ValidationError (0.00s)
=== RUN   TestPostService_CreatePost
--- PASS: TestPostService_CreatePost (0.00s)
=== RUN   TestPostService_GetAllPosts
--- PASS: TestPostService_GetAllPosts (0.00s)
=== RUN   TestPostService_GetPostDetail

2026/01/19 23:44:47 [31;1mC:/Users/ukima/Documents/sofukou/kojan-map/backend/user/services/post_service.go:72 [35;1mrecord not found
[0m[33m[0.000ms] [34;1m[rows:0][0m SELECT * FROM `users` WHERE id = "user123" AND `users`.`deletedAt` IS NULL ORDER BY `users`.`id` LIMIT 1
--- PASS: TestPostService_GetPostDetail (0.00s)
=== RUN   TestPostService_GetPostDetail_NotFound

2026/01/19 23:44:47 [31;1mC:/Users/ukima/Documents/sofukou/kojan-map/backend/user/services/post_service.go:63 [35;1mrecord not found
[0m[33m[0.000ms] [34;1m[rows:0][0m SELECT * FROM `posts` WHERE postId = 99999 AND `posts`.`deletedAt` IS NULL ORDER BY `posts`.`postId` LIMIT 1
--- PASS: TestPostService_GetPostDetail_NotFound (0.00s)
=== RUN   TestPostService_SearchPostsByGenre
--- PASS: TestPostService_SearchPostsByGenre (0.00s)
=== RUN   TestPostService_SearchPostsByKeyword
--- PASS: TestPostService_SearchPostsByKeyword (0.00s)
=== RUN   TestPostService_AddReaction

2026/01/19 23:44:47 [31;1mC:/Users/ukima/Documents/sofukou/kojan-map/backend/user/services/post_service.go:144 [35;1mrecord not found
[0m[33m[0.000ms] [34;1m[rows:0][0m SELECT * FROM `reactions` WHERE userId = "user123" AND postId = 1 ORDER BY `reactions`.`reactionId` LIMIT 1
--- PASS: TestPostService_AddReaction (0.00s)
=== RUN   TestPostService_IsUserReacted

2026/01/19 23:44:47 [31;1mC:/Users/ukima/Documents/sofukou/kojan-map/backend/user/services/post_service.go:144 [35;1mrecord not found
[0m[33m[0.000ms] [34;1m[rows:0][0m SELECT * FROM `reactions` WHERE userId = "user999" AND postId = 1 ORDER BY `reactions`.`reactionId` LIMIT 1
--- PASS: TestPostService_IsUserReacted (0.00s)
=== RUN   TestPostService_DeletePost

2026/01/19 23:44:47 [31;1mC:/Users/ukima/Documents/sofukou/kojan-map/backend/user/services/post_service_test.go:218 [35;1mrecord not found
[0m[33m[0.000ms] [34;1m[rows:0][0m SELECT * FROM `posts` WHERE `posts`.`postId` = 1 AND `posts`.`deletedAt` IS NULL ORDER BY `posts`.`postId` LIMIT 1
--- PASS: TestPostService_DeletePost (0.00s)
=== RUN   TestPostService_DeletePost_Unauthorized
--- PASS: TestPostService_DeletePost_Unauthorized (0.00s)
=== RUN   TestPostService_GetUserPostHistory
--- PASS: TestPostService_GetUserPostHistory (0.00s)
=== RUN   TestPostService_ResponseFieldMapping
--- PASS: TestPostService_ResponseFieldMapping (0.00s)
=== RUN   TestPostService_GetPostTimestamp

2026/01/19 23:44:47 [31;1mC:/Users/ukima/Documents/sofukou/kojan-map/backend/user/services/post_service.go:72 [35;1mrecord not found
[0m[33m[0.000ms] [34;1m[rows:0][0m SELECT * FROM `users` WHERE id = "user123" AND `users`.`deletedAt` IS NULL ORDER BY `users`.`id` LIMIT 1

2026/01/19 23:44:47 [31;1mC:/Users/ukima/Documents/sofukou/kojan-map/backend/user/services/post_service.go:76 [35;1mrecord not found
[0m[33m[1.430ms] [34;1m[rows:0][0m SELECT * FROM `genres` WHERE genreId = 1 ORDER BY `genres`.`genreId` LIMIT 1

2026/01/19 23:44:47 [31;1mC:/Users/ukima/Documents/sofukou/kojan-map/backend/user/services/post_service.go:80 [35;1mrecord not found
[0m[33m[0.000ms] [34;1m[rows:0][0m SELECT * FROM `places` WHERE placeId = 1 ORDER BY `places`.`placeId` LIMIT 1
--- PASS: TestPostService_GetPostTimestamp (0.00s)
=== RUN   TestPostService_GetReactionList

2026/01/19 23:44:47 [31;1mC:/Users/ukima/Documents/sofukou/kojan-map/backend/user/services/post_service.go:144 [35;1mrecord not found
[0m[33m[0.000ms] [34;1m[rows:0][0m SELECT * FROM `reactions` WHERE userId = "user123" AND postId = 1 ORDER BY `reactions`.`reactionId` LIMIT 1
--- PASS: TestPostService_GetReactionList (0.00s)
=== RUN   TestUserService_RegisterOrLogin_NewUser

2026/01/19 23:44:47 [31;1mC:/Users/ukima/Documents/sofukou/kojan-map/backend/user/services/user_service.go:30 [35;1mrecord not found
[0m[33m[0.000ms] [34;1m[rows:0][0m SELECT * FROM `users` WHERE googleId = "google123" AND `users`.`deletedAt` IS NULL ORDER BY `users`.`id` LIMIT 1

2026/01/19 23:44:47 [31;1mC:/Users/ukima/Documents/sofukou/kojan-map/backend/user/services/user_service.go:51 [35;1mrecord not found
[0m[33m[0.000ms] [34;1m[rows:0][0m SELECT * FROM `sessions` WHERE googleId = "google123" AND expiry > "2026-01-19 23:44:47.569" ORDER BY `sessions`.`sessionId` LIMIT 1
--- PASS: TestUserService_RegisterOrLogin_NewUser (0.00s)
=== RUN   TestUserService_RegisterOrLogin_ExistingUser

2026/01/19 23:44:47 [31;1mC:/Users/ukima/Documents/sofukou/kojan-map/backend/user/services/user_service.go:51 [35;1mrecord not found
[0m[33m[0.000ms] [34;1m[rows:0][0m SELECT * FROM `sessions` WHERE googleId = "google456" AND expiry > "2026-01-19 23:44:47.574" ORDER BY `sessions`.`sessionId` LIMIT 1
--- PASS: TestUserService_RegisterOrLogin_ExistingUser (0.00s)
=== RUN   TestUserService_RegisterOrLogin_ExtendSession
--- PASS: TestUserService_RegisterOrLogin_ExtendSession (0.00s)
=== RUN   TestUserService_RegisterOrLogin_ValidationError
--- PASS: TestUserService_RegisterOrLogin_ValidationError (0.00s)
=== RUN   TestUserService_GetUserInfo
--- PASS: TestUserService_GetUserInfo (0.00s)
=== RUN   TestUserService_GetUserInfo_NotFound

2026/01/19 23:44:47 [31;1mC:/Users/ukima/Documents/sofukou/kojan-map/backend/user/services/user_service.go:81 [35;1mrecord not found
[0m[33m[0.000ms] [34;1m[rows:0][0m SELECT * FROM `users` WHERE googleId = "nonexistent" AND `users`.`deletedAt` IS NULL ORDER BY `users`.`id` LIMIT 1
--- PASS: TestUserService_GetUserInfo_NotFound (0.00s)
=== RUN   TestUserService_DeleteUser

2026/01/19 23:44:47 [31;1mC:/Users/ukima/Documents/sofukou/kojan-map/backend/user/services/user_service_test.go:196 [35;1mrecord not found
[0m[33m[0.000ms] [34;1m[rows:0][0m SELECT * FROM `users` WHERE googleId = "google_delete" AND `users`.`deletedAt` IS NULL ORDER BY `users`.`id` LIMIT 1
--- PASS: TestUserService_DeleteUser (0.00s)
=== RUN   TestUserService_DeleteUser_NotFound

2026/01/19 23:44:47 [31;1mC:/Users/ukima/Documents/sofukou/kojan-map/backend/user/services/user_service.go:145 [35;1mrecord not found
[0m[33m[0.000ms] [34;1m[rows:0][0m SELECT * FROM `users` WHERE googleId = "nonexistent" AND `users`.`deletedAt` IS NULL ORDER BY `users`.`id` LIMIT 1
--- PASS: TestUserService_DeleteUser_NotFound (0.00s)
=== RUN   TestUserService_GetUserByID
--- PASS: TestUserService_GetUserByID (0.00s)
=== RUN   TestUserService_GetUserByID_NotFound

2026/01/19 23:44:47 [31;1mC:/Users/ukima/Documents/sofukou/kojan-map/backend/user/services/user_service.go:100 [35;1mrecord not found
[0m[33m[0.000ms] [34;1m[rows:0][0m SELECT * FROM `users` WHERE id = "nonexistent-id" AND `users`.`deletedAt` IS NULL ORDER BY `users`.`id` LIMIT 1
--- PASS: TestUserService_GetUserByID_NotFound (0.00s)
=== RUN   TestUserService_GetUserByID_ValidationError
--- PASS: TestUserService_GetUserByID_ValidationError (0.00s)
=== RUN   TestUserService_Logout
--- PASS: TestUserService_Logout (0.00s)
=== RUN   TestUserService_Logout_NotFound
--- PASS: TestUserService_Logout_NotFound (0.00s)
=== RUN   TestUserService_RegisterOrLogin_GetUserInfo

2026/01/19 23:44:47 [31;1mC:/Users/ukima/Documents/sofukou/kojan-map/backend/user/services/user_service.go:30 [35;1mrecord not found
[0m[33m[0.000ms] [34;1m[rows:0][0m SELECT * FROM `users` WHERE googleId = "google456" AND `users`.`deletedAt` IS NULL ORDER BY `users`.`id` LIMIT 1

2026/01/19 23:44:47 [31;1mC:/Users/ukima/Documents/sofukou/kojan-map/backend/user/services/user_service.go:51 [35;1mrecord not found
[0m[33m[0.517ms] [34;1m[rows:0][0m SELECT * FROM `sessions` WHERE googleId = "google456" AND expiry > "2026-01-19 23:44:47.619" ORDER BY `sessions`.`sessionId` LIMIT 1
--- PASS: TestUserService_RegisterOrLogin_GetUserInfo (0.00s)
=== RUN   TestUserService_GetMyPageDetails_WithPosts

2026/01/19 23:44:47 [31;1mC:/Users/ukima/Documents/sofukou/kojan-map/backend/user/services/user_service.go:30 [35;1mrecord not found
[0m[33m[0.000ms] [34;1m[rows:0][0m SELECT * FROM `users` WHERE googleId = "google789" AND `users`.`deletedAt` IS NULL ORDER BY `users`.`id` LIMIT 1

2026/01/19 23:44:47 [31;1mC:/Users/ukima/Documents/sofukou/kojan-map/backend/user/services/user_service.go:51 [35;1mrecord not found
[0m[33m[0.000ms] [34;1m[rows:0][0m SELECT * FROM `sessions` WHERE googleId = "google789" AND expiry > "2026-01-19 23:44:47.624" ORDER BY `sessions`.`sessionId` LIMIT 1
--- PASS: TestUserService_GetMyPageDetails_WithPosts (0.01s)
PASS
ok  	kojan-map/user/services	0.355s
